Archive member included to satisfy reference by file (symbol)

c:/st/stm32cubeide_1.5.1/stm32cubeide/plugins/com.st.stm32cube.ide.mcu.externaltools.gnu-tools-for-stm32.7-2018-q2-update.win32_1.5.0.202011040924/tools/bin/../lib/gcc/arm-none-eabi/7.3.1/../../../../arm-none-eabi/lib/thumb/v7e-m/fpv4-sp/hard\libc_nano.a(lib_a-errno.o)
                              Core/Src/syscalls.o (__errno)
c:/st/stm32cubeide_1.5.1/stm32cubeide/plugins/com.st.stm32cube.ide.mcu.externaltools.gnu-tools-for-stm32.7-2018-q2-update.win32_1.5.0.202011040924/tools/bin/../lib/gcc/arm-none-eabi/7.3.1/../../../../arm-none-eabi/lib/thumb/v7e-m/fpv4-sp/hard\libc_nano.a(lib_a-exit.o)
                              c:/st/stm32cubeide_1.5.1/stm32cubeide/plugins/com.st.stm32cube.ide.mcu.externaltools.gnu-tools-for-stm32.7-2018-q2-update.win32_1.5.0.202011040924/tools/bin/../lib/gcc/arm-none-eabi/7.3.1/../../../../arm-none-eabi/lib/thumb/v7e-m/fpv4-sp/hard/crt0.o (exit)
c:/st/stm32cubeide_1.5.1/stm32cubeide/plugins/com.st.stm32cube.ide.mcu.externaltools.gnu-tools-for-stm32.7-2018-q2-update.win32_1.5.0.202011040924/tools/bin/../lib/gcc/arm-none-eabi/7.3.1/../../../../arm-none-eabi/lib/thumb/v7e-m/fpv4-sp/hard\libc_nano.a(lib_a-impure.o)
                              c:/st/stm32cubeide_1.5.1/stm32cubeide/plugins/com.st.stm32cube.ide.mcu.externaltools.gnu-tools-for-stm32.7-2018-q2-update.win32_1.5.0.202011040924/tools/bin/../lib/gcc/arm-none-eabi/7.3.1/../../../../arm-none-eabi/lib/thumb/v7e-m/fpv4-sp/hard\libc_nano.a(lib_a-exit.o) (_global_impure_ptr)
c:/st/stm32cubeide_1.5.1/stm32cubeide/plugins/com.st.stm32cube.ide.mcu.externaltools.gnu-tools-for-stm32.7-2018-q2-update.win32_1.5.0.202011040924/tools/bin/../lib/gcc/arm-none-eabi/7.3.1/../../../../arm-none-eabi/lib/thumb/v7e-m/fpv4-sp/hard\libc_nano.a(lib_a-init.o)
                              c:/st/stm32cubeide_1.5.1/stm32cubeide/plugins/com.st.stm32cube.ide.mcu.externaltools.gnu-tools-for-stm32.7-2018-q2-update.win32_1.5.0.202011040924/tools/bin/../lib/gcc/arm-none-eabi/7.3.1/../../../../arm-none-eabi/lib/thumb/v7e-m/fpv4-sp/hard/crt0.o (__libc_init_array)
c:/st/stm32cubeide_1.5.1/stm32cubeide/plugins/com.st.stm32cube.ide.mcu.externaltools.gnu-tools-for-stm32.7-2018-q2-update.win32_1.5.0.202011040924/tools/bin/../lib/gcc/arm-none-eabi/7.3.1/../../../../arm-none-eabi/lib/thumb/v7e-m/fpv4-sp/hard\libc_nano.a(lib_a-memcpy-stub.o)
                              ThirdParty/FreeRTOS/queue.o (memcpy)
c:/st/stm32cubeide_1.5.1/stm32cubeide/plugins/com.st.stm32cube.ide.mcu.externaltools.gnu-tools-for-stm32.7-2018-q2-update.win32_1.5.0.202011040924/tools/bin/../lib/gcc/arm-none-eabi/7.3.1/../../../../arm-none-eabi/lib/thumb/v7e-m/fpv4-sp/hard\libc_nano.a(lib_a-memset.o)
                              c:/st/stm32cubeide_1.5.1/stm32cubeide/plugins/com.st.stm32cube.ide.mcu.externaltools.gnu-tools-for-stm32.7-2018-q2-update.win32_1.5.0.202011040924/tools/bin/../lib/gcc/arm-none-eabi/7.3.1/../../../../arm-none-eabi/lib/thumb/v7e-m/fpv4-sp/hard/crt0.o (memset)
c:/st/stm32cubeide_1.5.1/stm32cubeide/plugins/com.st.stm32cube.ide.mcu.externaltools.gnu-tools-for-stm32.7-2018-q2-update.win32_1.5.0.202011040924/tools/bin/../lib/gcc/arm-none-eabi/7.3.1/../../../../arm-none-eabi/lib/thumb/v7e-m/fpv4-sp/hard\libc_nano.a(lib_a-snprintf.o)
                              Core/HCSR04/hcsr04.o (snprintf)
c:/st/stm32cubeide_1.5.1/stm32cubeide/plugins/com.st.stm32cube.ide.mcu.externaltools.gnu-tools-for-stm32.7-2018-q2-update.win32_1.5.0.202011040924/tools/bin/../lib/gcc/arm-none-eabi/7.3.1/../../../../arm-none-eabi/lib/thumb/v7e-m/fpv4-sp/hard\libc_nano.a(lib_a-nano-svfprintf.o)
                              c:/st/stm32cubeide_1.5.1/stm32cubeide/plugins/com.st.stm32cube.ide.mcu.externaltools.gnu-tools-for-stm32.7-2018-q2-update.win32_1.5.0.202011040924/tools/bin/../lib/gcc/arm-none-eabi/7.3.1/../../../../arm-none-eabi/lib/thumb/v7e-m/fpv4-sp/hard\libc_nano.a(lib_a-snprintf.o) (_svfprintf_r)
c:/st/stm32cubeide_1.5.1/stm32cubeide/plugins/com.st.stm32cube.ide.mcu.externaltools.gnu-tools-for-stm32.7-2018-q2-update.win32_1.5.0.202011040924/tools/bin/../lib/gcc/arm-none-eabi/7.3.1/../../../../arm-none-eabi/lib/thumb/v7e-m/fpv4-sp/hard\libc_nano.a(lib_a-nano-vfprintf_i.o)
                              c:/st/stm32cubeide_1.5.1/stm32cubeide/plugins/com.st.stm32cube.ide.mcu.externaltools.gnu-tools-for-stm32.7-2018-q2-update.win32_1.5.0.202011040924/tools/bin/../lib/gcc/arm-none-eabi/7.3.1/../../../../arm-none-eabi/lib/thumb/v7e-m/fpv4-sp/hard\libc_nano.a(lib_a-nano-svfprintf.o) (_printf_i)
c:/st/stm32cubeide_1.5.1/stm32cubeide/plugins/com.st.stm32cube.ide.mcu.externaltools.gnu-tools-for-stm32.7-2018-q2-update.win32_1.5.0.202011040924/tools/bin/../lib/gcc/arm-none-eabi/7.3.1/../../../../arm-none-eabi/lib/thumb/v7e-m/fpv4-sp/hard\libc_nano.a(lib_a-memchr.o)
[...]
Memory Configuration

Name             Origin             Length             Attributes
RAM              0x0000000020000000 0x0000000000020000 xrw
FLASH            0x0000000008000000 0x0000000000080000 xr
*default*        0x0000000000000000 0xffffffffffffffff

Linker script and memory map

LOAD c:/st/stm32cubeide_1.5.1/stm32cubeide/plugins/com.st.stm32cube.ide.mcu.externaltools.gnu-tools-for-stm32.7-2018-q2-update.win32_1.5.0.202011040924/tools/bin/../lib/gcc/arm-none-eabi/7.3.1/thumb/v7e-m/fpv4-sp/hard/crti.o
LOAD c:/st/stm32cubeide_1.5.1/stm32cubeide/plugins/com.st.stm32cube.ide.mcu.externaltools.gnu-tools-for-stm32.7-2018-q2-update.win32_1.5.0.202011040924/tools/bin/../lib/gcc/arm-none-eabi/7.3.1/thumb/v7e-m/fpv4-sp/hard/crtbegin.o
LOAD c:/st/stm32cubeide_1.5.1/stm32cubeide/plugins/com.st.stm32cube.ide.mcu.externaltools.gnu-tools-for-stm32.7-2018-q2-update.win32_1.5.0.202011040924/tools/bin/../lib/gcc/arm-none-eabi/7.3.1/../../../../arm-none-eabi/lib/thumb/v7e-m/fpv4-sp/hard/crt0.o
LOAD Core/HCSR04/hcsr04.o
LOAD Core/Src/main.o
LOAD Core/Src/stm32f4xx_hal_msp.o
LOAD Core/Src/stm32f4xx_hal_timebase_tim.o
LOAD Core/Src/stm32f4xx_it.o
LOAD Core/Src/syscalls.o
LOAD Core/Src/sysmem.o
LOAD Core/Src/system_stm32f4xx.o
LOAD Core/Startup/startup_stm32f446retx.o
LOAD Core/usart/uart.o
LOAD Drivers/STM32F4xx_HAL_Driver/Src/stm32f4xx_hal.o
LOAD Drivers/STM32F4xx_HAL_Driver/Src/stm32f4xx_hal_cortex.o
LOAD Drivers/STM32F4xx_HAL_Driver/Src/stm32f4xx_hal_dma.o
LOAD Drivers/STM32F4xx_HAL_Driver/Src/stm32f4xx_hal_dma_ex.o
LOAD Drivers/STM32F4xx_HAL_Driver/Src/stm32f4xx_hal_exti.o
LOAD Drivers/STM32F4xx_HAL_Driver/Src/stm32f4xx_hal_flash.o
LOAD Drivers/STM32F4xx_HAL_Driver/Src/stm32f4xx_hal_flash_ex.o
LOAD Drivers/STM32F4xx_HAL_Driver/Src/stm32f4xx_hal_flash_ramfunc.o
LOAD Drivers/STM32F4xx_HAL_Driver/Src/stm32f4xx_hal_gpio.o
LOAD Drivers/STM32F4xx_HAL_Driver/Src/stm32f4xx_hal_pwr.o
LOAD Drivers/STM32F4xx_HAL_Driver/Src/stm32f4xx_hal_pwr_ex.o
LOAD Drivers/STM32F4xx_HAL_Driver/Src/stm32f4xx_hal_rcc.o
LOAD Drivers/STM32F4xx_HAL_Driver/Src/stm32f4xx_hal_rcc_ex.o
LOAD Drivers/STM32F4xx_HAL_Driver/Src/stm32f4xx_hal_tim.o
LOAD Drivers/STM32F4xx_HAL_Driver/Src/stm32f4xx_hal_tim_ex.o
LOAD Drivers/STM32F4xx_HAL_Driver/Src/stm32f4xx_hal_uart.o
LOAD ThirdParty/FreeRTOS/croutine.o
LOAD ThirdParty/FreeRTOS/event_groups.o
LOAD ThirdParty/FreeRTOS/list.o
LOAD ThirdParty/FreeRTOS/queue.o
LOAD ThirdParty/FreeRTOS/stream_buffer.o
LOAD ThirdParty/FreeRTOS/tasks.o
LOAD ThirdParty/FreeRTOS/timers.o
LOAD ThirdParty/FreeRTOS/portable/GCC/ARM_CM4F/port.o
LOAD ThirdParty/FreeRTOS/portable/MemMang/heap_1.o
START GROUP
LOAD c:/st/stm32cubeide_1.5.1/stm32cubeide/plugins/com.st.stm32cube.ide.mcu.externaltools.gnu-tools-for-stm32.7-2018-q2-update.win32_1.5.0.202011040924/tools/bin/../lib/gcc/arm-none-eabi/7.3.1/../../../../arm-none-eabi/lib/thumb/v7e-m/fpv4-sp/hard\libc_nano.a
LOAD c:/st/stm32cubeide_1.5.1/stm32cubeide/plugins/com.st.stm32cube.ide.mcu.externaltools.gnu-tools-for-stm32.7-2018-q2-update.win32_1.5.0.202011040924/tools/bin/../lib/gcc/arm-none-eabi/7.3.1/../../../../arm-none-eabi/lib/thumb/v7e-m/fpv4-sp/hard\libm.a
END GROUP
START GROUP
LOAD c:/st/stm32cubeide_1.5.1/stm32cubeide/plugins/com.st.stm32cube.ide.mcu.externaltools.gnu-tools-for-stm32.7-2018-q2-update.win32_1.5.0.202011040924/tools/bin/../lib/gcc/arm-none-eabi/7.3.1/thumb/v7e-m/fpv4-sp/hard\libgcc.a
LOAD c:/st/stm32cubeide_1.5.1/stm32cubeide/plugins/com.st.stm32cube.ide.mcu.externaltools.gnu-tools-for-stm32.7-2018-q2-update.win32_1.5.0.202011040924/tools/bin/../lib/gcc/arm-none-eabi/7.3.1/../../../../arm-none-eabi/lib/thumb/v7e-m/fpv4-sp/hard\libc_nano.a
END GROUP
START GROUP
LOAD c:/st/stm32cubeide_1.5.1/stm32cubeide/plugins/com.st.stm32cube.ide.mcu.externaltools.gnu-tools-for-stm32.7-2018-q2-update.win32_1.5.0.202011040924/tools/bin/../lib/gcc/arm-none-eabi/7.3.1/thumb/v7e-m/fpv4-sp/hard\libgcc.a
LOAD c:/st/stm32cubeide_1.5.1/stm32cubeide/plugins/com.st.stm32cube.ide.mcu.externaltools.gnu-tools-for-stm32.7-2018-q2-update.win32_1.5.0.202011040924/tools/bin/../lib/gcc/arm-none-eabi/7.3.1/../../../../arm-none-eabi/lib/thumb/v7e-m/fpv4-sp/hard\libc_nano.a
LOAD c:/st/stm32cubeide_1.5.1/stm32cubeide/plugins/com.st.stm32cube.ide.mcu.externaltools.gnu-tools-for-stm32.7-2018-q2-update.win32_1.5.0.202011040924/tools/bin/../lib/gcc/arm-none-eabi/7.3.1/../../../../arm-none-eabi/lib/thumb/v7e-m/fpv4-sp/hard\libnosys.a
END GROUP
START GROUP
LOAD c:/st/stm32cubeide_1.5.1/stm32cubeide/plugins/com.st.stm32cube.ide.mcu.externaltools.gnu-tools-for-stm32.7-2018-q2-update.win32_1.5.0.202011040924/tools/bin/../lib/gcc/arm-none-eabi/7.3.1/thumb/v7e-m/fpv4-sp/hard\libgcc.a
LOAD c:/st/stm32cubeide_1.5.1/stm32cubeide/plugins/com.st.stm32cube.ide.mcu.externaltools.gnu-tools-for-stm32.7-2018-q2-update.win32_1.5.0.202011040924/tools/bin/../lib/gcc/arm-none-eabi/7.3.1/../../../../arm-none-eabi/lib/thumb/v7e-m/fpv4-sp/hard\libc_nano.a
LOAD c:/st/stm32cubeide_1.5.1/stm32cubeide/plugins/com.st.stm32cube.ide.mcu.externaltools.gnu-tools-for-stm32.7-2018-q2-update.win32_1.5.0.202011040924/tools/bin/../lib/gcc/arm-none-eabi/7.3.1/../../../../arm-none-eabi/lib/thumb/v7e-m/fpv4-sp/hard\libnosys.a
END GROUP
LOAD c:/st/stm32cubeide_1.5.1/stm32cubeide/plugins/com.st.stm32cube.ide.mcu.externaltools.gnu-tools-for-stm32.7-2018-q2-update.win32_1.5.0.202011040924/tools/bin/../lib/gcc/arm-none-eabi/7.3.1/thumb/v7e-m/fpv4-sp/hard/crtend.o
LOAD c:/st/stm32cubeide_1.5.1/stm32cubeide/plugins/com.st.stm32cube.ide.mcu.externaltools.gnu-tools-for-stm32.7-2018-q2-update.win32_1.5.0.202011040924/tools/bin/../lib/gcc/arm-none-eabi/7.3.1/thumb/v7e-m/fpv4-sp/hard/crtn.o
                0x0000000020020000                _estack = (ORIGIN (RAM) + LENGTH (RAM))
                0x0000000000000200                _Min_Heap_Size = 0x200
                0x0000000000000400                _Min_Stack_Size = 0x400

.isr_vector     0x0000000008000000      0x1c4
                0x0000000008000000                . = ALIGN (0x4)
 *(.isr_vector)
 .isr_vector    0x0000000008000000      0x1c4 Core/Startup/startup_stm32f446retx.o
                0x0000000008000000                g_pfnVectors
                0x00000000080001c4                . = ALIGN (0x4)

.text           0x00000000080001d0     0x6410
                0x00000000080001d0                . = ALIGN (0x4)
 *(.text)
 .text          0x00000000080001d0       0x40 c:/st/stm32cubeide_1.5.1/stm32cubeide/plugins/com.st.stm32cube.ide.mcu.externaltools.gnu-tools-for-stm32.7-2018-q2-update.win32_1.5.0.202011040924/tools/bin/../lib/gcc/arm-none-eabi/7.3.1/thumb/v7e-m/fpv4-sp/hard/crtbegin.o
 .text          0x0000000008000210       0xa0 c:/st/stm32cubeide_1.5.1/stm32cubeide/plugins/com.st.stm32cube.ide.mcu.externaltools.gnu-tools-for-stm32.7-2018-q2-update.win32_1.5.0.202011040924/tools/bin/../lib/gcc/arm-none-eabi/7.3.1/../../../../arm-none-eabi/lib/thumb/v7e-m/fpv4-sp/hard\libc_nano.a(lib_a-memchr.o)
                0x0000000008000210                memchr
 .text          0x00000000080002b0      0x378 c:/st/stm32cubeide_1.5.1/stm32cubeide/plugins/com.st.stm32cube.ide.mcu.externaltools.gnu-tools-for-stm32.7-2018-q2-update.win32_1.5.0.202011040924/tools/bin/../lib/gcc/arm-none-eabi/7.3.1/thumb/v7e-m/fpv4-sp/hard\libgcc.a(_arm_addsubdf3.o)
                0x00000000080002b0                __aeabi_drsub
                0x00000000080002b8                __aeabi_dsub
                0x00000000080002b8                __subdf3
                0x00000000080002bc                __aeabi_dadd
                0x00000000080002bc                __adddf3
                0x0000000008000534                __floatunsidf
                0x0000000008000534                __aeabi_ui2d
                0x0000000008000554                __floatsidf
                0x0000000008000554                __aeabi_i2d
                0x0000000008000578                __aeabi_f2d
                0x0000000008000578                __extendsfdf2
                0x00000000080005bc                __floatundidf
                0x00000000080005bc                __aeabi_ul2d
                0x00000000080005cc                __floatdidf
                0x00000000080005cc                __aeabi_l2d
 .text          0x0000000008000628      0x424 c:/st/stm32cubeide_1.5.1/stm32cubeide/plugins/com.st.stm32cube.ide.mcu.externaltools.gnu-tools-for-stm32.7-2018-q2-update.win32_1.5.0.202011040924/tools/bin/../lib/gcc/arm-none-eabi/7.3.1/thumb/v7e-m/fpv4-sp/hard\libgcc.a(_arm_muldivdf3.o)
                0x0000000008000628                __aeabi_dmul
                0x0000000008000628                __muldf3
                0x000000000800087c                __divdf3
                0x000000000800087c                __aeabi_ddiv
 .text          0x0000000008000a4c       0x40 c:/st/stm32cubeide_1.5.1/stm32cubeide/plugins/com.st.stm32cube.ide.mcu.externaltools.gnu-tools-for-stm32.7-2018-q2-update.win32_1.5.0.202011040924/tools/bin/../lib/gcc/arm-none-eabi/7.3.1/thumb/v7e-m/fpv4-sp/hard\libgcc.a(_arm_fixunsdfsi.o)
                0x0000000008000a4c                __aeabi_d2uiz
                0x0000000008000a4c                __fixunsdfsi
 .text          0x0000000008000a8c       0x30 c:/st/stm32cubeide_1.5.1/stm32cubeide/plugins/com.st.stm32cube.ide.mcu.externaltools.gnu-tools-for-stm32.7-2018-q2-update.win32_1.5.0.202011040924/tools/bin/../lib/gcc/arm-none-eabi/7.3.1/thumb/v7e-m/fpv4-sp/hard\libgcc.a(_aeabi_uldivmod.o)
                0x0000000008000a8c                __aeabi_uldivmod
 .text          0x0000000008000abc      0x2cc c:/st/stm32cubeide_1.5.1/stm32cubeide/plugins/com.st.stm32cube.ide.mcu.externaltools.gnu-tools-for-stm32.7-2018-q2-update.win32_1.5.0.202011040924/tools/bin/../lib/gcc/arm-none-eabi/7.3.1/thumb/v7e-m/fpv4-sp/hard\libgcc.a(_udivmoddi4.o)
                0x0000000008000abc                __udivmoddi4
 .text          0x0000000008000d88        0x4 c:/st/stm32cubeide_1.5.1/stm32cubeide/plugins/com.st.stm32cube.ide.mcu.externaltools.gnu-tools-for-stm32.7-2018-q2-update.win32_1.5.0.202011040924/tools/bin/../lib/gcc/arm-none-eabi/7.3.1/thumb/v7e-m/fpv4-sp/hard\libgcc.a(_dvmd_tls.o)
                0x0000000008000d88                __aeabi_idiv0
                0x0000000008000d88                __aeabi_ldiv0
 *(.text*)
 .text.__NVIC_EnableIRQ
                0x0000000008000d8c       0x3c Core/HCSR04/hcsr04.o
 .text.hcsr04_callback_redge
                0x0000000008000dc8       0x5c Core/HCSR04/hcsr04.o
                0x0000000008000dc8                hcsr04_callback_redge
 .text.hcsr04_callback_fedge
                0x0000000008000e24       0x50 Core/HCSR04/hcsr04.o
                0x0000000008000e24                hcsr04_callback_fedge
 .text.hcsr04_delay_0
                0x0000000008000e74       0x38 Core/HCSR04/hcsr04.o
 .text.hcsr04_delay_1
                0x0000000008000eac       0x38 Core/HCSR04/hcsr04.o
 *fill*         0x0000000008000ee4        0x4 
 .text.HCSR04_TASK_02
                0x0000000008000ee8      0x138 Core/HCSR04/hcsr04.o
                0x0000000008000ee8                HCSR04_TASK_02
 .text.HCSR04_TASK_01
                0x0000000008001020      0x138 Core/HCSR04/hcsr04.o
                0x0000000008001020                HCSR04_TASK_01
 .text.hscr_task_init
                0x0000000008001158       0x84 Core/HCSR04/hcsr04.o
 .text.hscr04_init
                0x00000000080011dc       0x90 Core/HCSR04/hcsr04.o
                0x00000000080011dc                hscr04_init
 .text.main     0x000000000800126c       0x94 Core/Src/main.o
                0x000000000800126c                main
 .text.SystemClock_Config
                0x0000000008001300       0xdc Core/Src/main.o
                0x0000000008001300                SystemClock_Config
 .text.MX_TIM13_Init
                0x00000000080013dc       0x48 Core/Src/main.o
 .text.MX_TIM14_Init
                0x0000000008001424       0x48 Core/Src/main.o
 .text.MX_USART2_UART_Init
                0x000000000800146c       0x54 Core/Src/main.o
 .text.MX_GPIO_Init
                0x00000000080014c0       0xe0 Core/Src/main.o
 .text.get_uart_handle
                0x00000000080015a0       0x14 Core/Src/main.o
                0x00000000080015a0                get_uart_handle
 .text.EXTI9_5_IRQHandler
                0x00000000080015b4       0x1c Core/Src/main.o
                0x00000000080015b4                EXTI9_5_IRQHandler
 .text.EXTI3_IRQHandler
                0x00000000080015d0       0x7c Core/Src/main.o
                0x00000000080015d0                EXTI3_IRQHandler
 .text.EXTI4_IRQHandler
                0x000000000800164c       0x7c Core/Src/main.o
                0x000000000800164c                EXTI4_IRQHandler
 .text.HAL_TIM_PeriodElapsedCallback
                0x00000000080016c8       0x24 Core/Src/main.o
                0x00000000080016c8                HAL_TIM_PeriodElapsedCallback
 .text.Error_Handler
                0x00000000080016ec        0x8 Core/Src/main.o
                0x00000000080016ec                Error_Handler
 .text.HAL_MspInit
                0x00000000080016f4       0x50 Core/Src/stm32f4xx_hal_msp.o
                0x00000000080016f4                HAL_MspInit
 .text.HAL_TIM_Base_MspInit
                0x0000000008001744       0x70 Core/Src/stm32f4xx_hal_msp.o
                0x0000000008001744                HAL_TIM_Base_MspInit
 .text.HAL_UART_MspInit
                0x00000000080017b4       0x90 Core/Src/stm32f4xx_hal_msp.o
                0x00000000080017b4                HAL_UART_MspInit
 .text.HAL_InitTick
                0x0000000008001844       0xb4 Core/Src/stm32f4xx_hal_timebase_tim.o
                0x0000000008001844                HAL_InitTick
 .text.NMI_Handler
                0x00000000080018f8        0x6 Core/Src/stm32f4xx_it.o
                0x00000000080018f8                NMI_Handler
 .text.HardFault_Handler
                0x00000000080018fe       0x26 Core/Src/stm32f4xx_it.o
                0x00000000080018fe                HardFault_Handler
 .text.MemManage_Handler
                0x0000000008001924        0x6 Core/Src/stm32f4xx_it.o
                0x0000000008001924                MemManage_Handler
 .text.BusFault_Handler
                0x000000000800192a        0x6 Core/Src/stm32f4xx_it.o
                0x000000000800192a                BusFault_Handler
 .text.UsageFault_Handler
                0x0000000008001930        0x6 Core/Src/stm32f4xx_it.o
                0x0000000008001930                UsageFault_Handler
 .text.DebugMon_Handler
                0x0000000008001936        0xe Core/Src/stm32f4xx_it.o
                0x0000000008001936                DebugMon_Handler
 .text.TIM6_DAC_IRQHandler
                0x0000000008001944       0x14 Core/Src/stm32f4xx_it.o
                0x0000000008001944                TIM6_DAC_IRQHandler
 .text.vApplicationStackOverflowHook
                0x0000000008001958       0x20 Core/Src/stm32f4xx_it.o
                0x0000000008001958                vApplicationStackOverflowHook
 .text.vApplicationMallocFailedHook
                0x0000000008001978       0x20 Core/Src/stm32f4xx_it.o
                0x0000000008001978                vApplicationMallocFailedHook
 .text.pop_registers_from_fault_stack
                0x0000000008001998       0x3a Core/Src/stm32f4xx_it.o
                0x0000000008001998                pop_registers_from_fault_stack
 *fill*         0x00000000080019d2        0x2 
 .text._sbrk    0x00000000080019d4       0x6c Core/Src/sysmem.o
                0x00000000080019d4                _sbrk
 .text.SystemInit
                0x0000000008001a40       0x2c Core/Src/system_stm32f4xx.o
                0x0000000008001a40                SystemInit
 .text.Reset_Handler
                0x0000000008001a6c       0x50 Core/Startup/startup_stm32f446retx.o
                0x0000000008001a6c                Reset_Handler
 .text.Default_Handler
                0x0000000008001abc        0x2 Core/Startup/startup_stm32f446retx.o
                0x0000000008001abc                RTC_Alarm_IRQHandler
                0x0000000008001abc                EXTI2_IRQHandler
                0x0000000008001abc                TIM8_CC_IRQHandler
                0x0000000008001abc                FMPI2C1_EV_IRQHandler
                0x0000000008001abc                SPI4_IRQHandler
                0x0000000008001abc                TIM1_CC_IRQHandler
                0x0000000008001abc                DMA2_Stream5_IRQHandler
                0x0000000008001abc                DMA1_Stream5_IRQHandler
                0x0000000008001abc                PVD_IRQHandler
                0x0000000008001abc                SDIO_IRQHandler
                0x0000000008001abc                TAMP_STAMP_IRQHandler
                0x0000000008001abc                CAN2_RX1_IRQHandler
                0x0000000008001abc                TIM8_TRG_COM_TIM14_IRQHandler
                0x0000000008001abc                TIM1_UP_TIM10_IRQHandler
                0x0000000008001abc                TIM8_UP_TIM13_IRQHandler
                0x0000000008001abc                I2C3_ER_IRQHandler
                0x0000000008001abc                EXTI0_IRQHandler
                0x0000000008001abc                I2C2_EV_IRQHandler
                0x0000000008001abc                DMA1_Stream2_IRQHandler
                0x0000000008001abc                CAN1_RX0_IRQHandler
                0x0000000008001abc                FPU_IRQHandler
                0x0000000008001abc                OTG_HS_WKUP_IRQHandler
                0x0000000008001abc                CAN2_SCE_IRQHandler
                0x0000000008001abc                DMA2_Stream2_IRQHandler
                0x0000000008001abc                SPI1_IRQHandler
                0x0000000008001abc                TIM1_BRK_TIM9_IRQHandler
                0x0000000008001abc                DCMI_IRQHandler
                0x0000000008001abc                CAN2_RX0_IRQHandler
                0x0000000008001abc                DMA2_Stream3_IRQHandler
                0x0000000008001abc                SAI2_IRQHandler
                0x0000000008001abc                USART6_IRQHandler
                0x0000000008001abc                USART3_IRQHandler
                0x0000000008001abc                CAN1_RX1_IRQHandler
                0x0000000008001abc                UART5_IRQHandler
                0x0000000008001abc                DMA2_Stream0_IRQHandler
                0x0000000008001abc                TIM4_IRQHandler
                0x0000000008001abc                QUADSPI_IRQHandler
                0x0000000008001abc                I2C1_EV_IRQHandler
                0x0000000008001abc                DMA1_Stream6_IRQHandler
                0x0000000008001abc                DMA1_Stream1_IRQHandler
                0x0000000008001abc                UART4_IRQHandler
                0x0000000008001abc                TIM3_IRQHandler
                0x0000000008001abc                RCC_IRQHandler
                0x0000000008001abc                TIM8_BRK_TIM12_IRQHandler
                0x0000000008001abc                Default_Handler
                0x0000000008001abc                CEC_IRQHandler
                0x0000000008001abc                EXTI15_10_IRQHandler
                0x0000000008001abc                ADC_IRQHandler
                0x0000000008001abc                DMA1_Stream7_IRQHandler
                0x0000000008001abc                TIM7_IRQHandler
                0x0000000008001abc                CAN2_TX_IRQHandler
                0x0000000008001abc                TIM5_IRQHandler
                0x0000000008001abc                DMA2_Stream7_IRQHandler
                0x0000000008001abc                I2C3_EV_IRQHandler
                0x0000000008001abc                RTC_WKUP_IRQHandler
                0x0000000008001abc                SPDIF_RX_IRQHandler
                0x0000000008001abc                SPI2_IRQHandler
                0x0000000008001abc                OTG_HS_EP1_IN_IRQHandler
                0x0000000008001abc                DMA1_Stream0_IRQHandler
                0x0000000008001abc                CAN1_TX_IRQHandler
                0x0000000008001abc                FMPI2C1_ER_IRQHandler
                0x0000000008001abc                OTG_HS_EP1_OUT_IRQHandler
                0x0000000008001abc                WWDG_IRQHandler
                0x0000000008001abc                TIM2_IRQHandler
                0x0000000008001abc                OTG_FS_WKUP_IRQHandler
                0x0000000008001abc                TIM1_TRG_COM_TIM11_IRQHandler
                0x0000000008001abc                OTG_HS_IRQHandler
                0x0000000008001abc                EXTI1_IRQHandler
                0x0000000008001abc                USART2_IRQHandler
                0x0000000008001abc                I2C2_ER_IRQHandler
                0x0000000008001abc                DMA2_Stream1_IRQHandler
                0x0000000008001abc                CAN1_SCE_IRQHandler
                0x0000000008001abc                FLASH_IRQHandler
                0x0000000008001abc                DMA2_Stream4_IRQHandler
                0x0000000008001abc                USART1_IRQHandler
                0x0000000008001abc                OTG_FS_IRQHandler
                0x0000000008001abc                SPI3_IRQHandler
                0x0000000008001abc                DMA1_Stream4_IRQHandler
                0x0000000008001abc                I2C1_ER_IRQHandler
                0x0000000008001abc                FMC_IRQHandler
                0x0000000008001abc                DMA2_Stream6_IRQHandler
                0x0000000008001abc                SAI1_IRQHandler
                0x0000000008001abc                DMA1_Stream3_IRQHandler
 *fill*         0x0000000008001abe        0x2 
 .text.HAL_Init
                0x0000000008001ac0       0x44 Drivers/STM32F4xx_HAL_Driver/Src/stm32f4xx_hal.o
                0x0000000008001ac0                HAL_Init
 .text.HAL_IncTick
                0x0000000008001b04       0x28 Drivers/STM32F4xx_HAL_Driver/Src/stm32f4xx_hal.o
                0x0000000008001b04                HAL_IncTick
 .text.HAL_GetTick
                0x0000000008001b2c       0x18 Drivers/STM32F4xx_HAL_Driver/Src/stm32f4xx_hal.o
                0x0000000008001b2c                HAL_GetTick
 .text.HAL_Delay
                0x0000000008001b44       0x44 Drivers/STM32F4xx_HAL_Driver/Src/stm32f4xx_hal.o
                0x0000000008001b44                HAL_Delay
 .text.__NVIC_SetPriorityGrouping
                0x0000000008001b88       0x48 Drivers/STM32F4xx_HAL_Driver/Src/stm32f4xx_hal_cortex.o
 .text.__NVIC_GetPriorityGrouping
                0x0000000008001bd0       0x1c Drivers/STM32F4xx_HAL_Driver/Src/stm32f4xx_hal_cortex.o
 .text.__NVIC_EnableIRQ
                0x0000000008001bec       0x3c Drivers/STM32F4xx_HAL_Driver/Src/stm32f4xx_hal_cortex.o
 .text.__NVIC_SetPriority
                0x0000000008001c28       0x54 Drivers/STM32F4xx_HAL_Driver/Src/stm32f4xx_hal_cortex.o
 .text.NVIC_EncodePriority
                0x0000000008001c7c       0x66 Drivers/STM32F4xx_HAL_Driver/Src/stm32f4xx_hal_cortex.o
 .text.HAL_NVIC_SetPriorityGrouping
                0x0000000008001ce2       0x16 Drivers/STM32F4xx_HAL_Driver/Src/stm32f4xx_hal_cortex.o
                0x0000000008001ce2                HAL_NVIC_SetPriorityGrouping
 .text.HAL_NVIC_SetPriority
                0x0000000008001cf8       0x38 Drivers/STM32F4xx_HAL_Driver/Src/stm32f4xx_hal_cortex.o
                0x0000000008001cf8                HAL_NVIC_SetPriority
 .text.HAL_NVIC_EnableIRQ
                0x0000000008001d30       0x1c Drivers/STM32F4xx_HAL_Driver/Src/stm32f4xx_hal_cortex.o
                0x0000000008001d30                HAL_NVIC_EnableIRQ
 .text.HAL_GPIO_Init
                0x0000000008001d4c      0x324 Drivers/STM32F4xx_HAL_Driver/Src/stm32f4xx_hal_gpio.o
                0x0000000008001d4c                HAL_GPIO_Init
 .text.HAL_GPIO_WritePin
                0x0000000008002070       0x32 Drivers/STM32F4xx_HAL_Driver/Src/stm32f4xx_hal_gpio.o
                0x0000000008002070                HAL_GPIO_WritePin
 *fill*         0x00000000080020a2        0x2 
 .text.HAL_RCC_ClockConfig
                0x00000000080020a4      0x1cc Drivers/STM32F4xx_HAL_Driver/Src/stm32f4xx_hal_rcc.o
                0x00000000080020a4                HAL_RCC_ClockConfig
 .text.HAL_RCC_GetHCLKFreq
                0x0000000008002270       0x18 Drivers/STM32F4xx_HAL_Driver/Src/stm32f4xx_hal_rcc.o
                0x0000000008002270                HAL_RCC_GetHCLKFreq
 .text.HAL_RCC_GetPCLK1Freq
                0x0000000008002288       0x28 Drivers/STM32F4xx_HAL_Driver/Src/stm32f4xx_hal_rcc.o
                0x0000000008002288                HAL_RCC_GetPCLK1Freq
 .text.HAL_RCC_GetPCLK2Freq
                0x00000000080022b0       0x28 Drivers/STM32F4xx_HAL_Driver/Src/stm32f4xx_hal_rcc.o
                0x00000000080022b0                HAL_RCC_GetPCLK2Freq
 .text.HAL_RCC_GetClockConfig
                0x00000000080022d8       0x64 Drivers/STM32F4xx_HAL_Driver/Src/stm32f4xx_hal_rcc.o
                0x00000000080022d8                HAL_RCC_GetClockConfig
 .text.HAL_RCC_GetSysClockFreq
                0x000000000800233c      0x340 Drivers/STM32F4xx_HAL_Driver/Src/stm32f4xx_hal_rcc_ex.o
                0x000000000800233c                HAL_RCC_GetSysClockFreq
 .text.HAL_RCC_OscConfig
                0x000000000800267c      0x4b4 Drivers/STM32F4xx_HAL_Driver/Src/stm32f4xx_hal_rcc_ex.o
                0x000000000800267c                HAL_RCC_OscConfig
 .text.HAL_TIM_Base_Init
                0x0000000008002b30       0x56 Drivers/STM32F4xx_HAL_Driver/Src/stm32f4xx_hal_tim.o
                0x0000000008002b30                HAL_TIM_Base_Init
 .text.HAL_TIM_Base_Start
                0x0000000008002b86       0x48 Drivers/STM32F4xx_HAL_Driver/Src/stm32f4xx_hal_tim.o
                0x0000000008002b86                HAL_TIM_Base_Start
 .text.HAL_TIM_Base_Start_IT
                0x0000000008002bce       0x48 Drivers/STM32F4xx_HAL_Driver/Src/stm32f4xx_hal_tim.o
                0x0000000008002bce                HAL_TIM_Base_Start_IT
 .text.HAL_TIM_IRQHandler
                0x0000000008002c16      0x210 Drivers/STM32F4xx_HAL_Driver/Src/stm32f4xx_hal_tim.o
                0x0000000008002c16                HAL_TIM_IRQHandler
 .text.HAL_TIM_OC_DelayElapsedCallback
                0x0000000008002e26       0x14 Drivers/STM32F4xx_HAL_Driver/Src/stm32f4xx_hal_tim.o
                0x0000000008002e26                HAL_TIM_OC_DelayElapsedCallback
 .text.HAL_TIM_IC_CaptureCallback
                0x0000000008002e3a       0x14 Drivers/STM32F4xx_HAL_Driver/Src/stm32f4xx_hal_tim.o
                0x0000000008002e3a                HAL_TIM_IC_CaptureCallback
 .text.HAL_TIM_PWM_PulseFinishedCallback
                0x0000000008002e4e       0x14 Drivers/STM32F4xx_HAL_Driver/Src/stm32f4xx_hal_tim.o
                0x0000000008002e4e                HAL_TIM_PWM_PulseFinishedCallback
 .text.HAL_TIM_TriggerCallback
                0x0000000008002e62       0x14 Drivers/STM32F4xx_HAL_Driver/Src/stm32f4xx_hal_tim.o
                0x0000000008002e62                HAL_TIM_TriggerCallback
 *fill*         0x0000000008002e76        0x2 
 .text.TIM_Base_SetConfig
                0x0000000008002e78      0x140 Drivers/STM32F4xx_HAL_Driver/Src/stm32f4xx_hal_tim.o
                0x0000000008002e78                TIM_Base_SetConfig
 .text.HAL_TIMEx_CommutCallback
                0x0000000008002fb8       0x14 Drivers/STM32F4xx_HAL_Driver/Src/stm32f4xx_hal_tim_ex.o
                0x0000000008002fb8                HAL_TIMEx_CommutCallback
 .text.HAL_TIMEx_BreakCallback
                0x0000000008002fcc       0x14 Drivers/STM32F4xx_HAL_Driver/Src/stm32f4xx_hal_tim_ex.o
                0x0000000008002fcc                HAL_TIMEx_BreakCallback
 .text.HAL_UART_Init
                0x0000000008002fe0       0x9a Drivers/STM32F4xx_HAL_Driver/Src/stm32f4xx_hal_uart.o
                0x0000000008002fe0                HAL_UART_Init
 .text.HAL_UART_Transmit
                0x000000000800307a      0x132 Drivers/STM32F4xx_HAL_Driver/Src/stm32f4xx_hal_uart.o
                0x000000000800307a                HAL_UART_Transmit
 .text.UART_WaitOnFlagUntilTimeout
                0x00000000080031ac       0x94 Drivers/STM32F4xx_HAL_Driver/Src/stm32f4xx_hal_uart.o
 .text.UART_SetConfig
                0x0000000008003240      0x6f8 Drivers/STM32F4xx_HAL_Driver/Src/stm32f4xx_hal_uart.o
 .text.vListInitialise
                0x0000000008003938       0x40 ThirdParty/FreeRTOS/list.o
                0x0000000008003938                vListInitialise
 .text.vListInitialiseItem
                0x0000000008003978       0x1a ThirdParty/FreeRTOS/list.o
                0x0000000008003978                vListInitialiseItem
 .text.vListInsertEnd
                0x0000000008003992       0x48 ThirdParty/FreeRTOS/list.o
                0x0000000008003992                vListInsertEnd
 .text.vListInsert
                0x00000000080039da       0x72 ThirdParty/FreeRTOS/list.o
                0x00000000080039da                vListInsert
 .text.uxListRemove
                0x0000000008003a4c       0x54 ThirdParty/FreeRTOS/list.o
                0x0000000008003a4c                uxListRemove
 .text.xQueueGenericReset
                0x0000000008003aa0       0xd0 ThirdParty/FreeRTOS/queue.o
                0x0000000008003aa0                xQueueGenericReset
 .text.xQueueGenericCreate
                0x0000000008003b70       0x9c ThirdParty/FreeRTOS/queue.o
                0x0000000008003b70                xQueueGenericCreate
 .text.prvInitialiseNewQueue
                0x0000000008003c0c       0x46 ThirdParty/FreeRTOS/queue.o
 *fill*         0x0000000008003c52        0x2 
 .text.xQueueGenericSend
                0x0000000008003c54      0x1f4 ThirdParty/FreeRTOS/queue.o
                0x0000000008003c54                xQueueGenericSend
 .text.xQueueGenericSendFromISR
                0x0000000008003e48      0x14a ThirdParty/FreeRTOS/queue.o
                0x0000000008003e48                xQueueGenericSendFromISR
 *fill*         0x0000000008003f92        0x2 
 .text.xQueueReceive
                0x0000000008003f94      0x1b8 ThirdParty/FreeRTOS/queue.o
                0x0000000008003f94                xQueueReceive
 .text.prvCopyDataToQueue
                0x000000000800414c       0xd4 ThirdParty/FreeRTOS/queue.o
 .text.prvCopyDataFromQueue
                0x0000000008004220       0x4c ThirdParty/FreeRTOS/queue.o
 .text.prvUnlockQueue
                0x000000000800426c       0xa4 ThirdParty/FreeRTOS/queue.o
 .text.prvIsQueueEmpty
                0x0000000008004310       0x2c ThirdParty/FreeRTOS/queue.o
 .text.prvIsQueueFull
                0x000000000800433c       0x30 ThirdParty/FreeRTOS/queue.o
 .text.vQueueAddToRegistry
                0x000000000800436c       0x50 ThirdParty/FreeRTOS/queue.o
                0x000000000800436c                vQueueAddToRegistry
 .text.vQueueWaitForMessageRestricted
                0x00000000080043bc       0x68 ThirdParty/FreeRTOS/queue.o
                0x00000000080043bc                vQueueWaitForMessageRestricted
 .text.xTaskCreate
                0x0000000008004424       0x82 ThirdParty/FreeRTOS/tasks.o
                0x0000000008004424                xTaskCreate
 .text.prvInitialiseNewTask
                0x00000000080044a6      0x12a ThirdParty/FreeRTOS/tasks.o
 .text.prvAddNewTaskToReadyList
                0x00000000080045d0       0xdc ThirdParty/FreeRTOS/tasks.o
 .text.vTaskDelayUntil
                0x00000000080046ac       0xfc ThirdParty/FreeRTOS/tasks.o
                0x00000000080046ac                vTaskDelayUntil
 .text.vTaskStartScheduler
                0x00000000080047a8       0x98 ThirdParty/FreeRTOS/tasks.o
                0x00000000080047a8                vTaskStartScheduler
 .text.vTaskSuspendAll
                0x0000000008004840       0x1c ThirdParty/FreeRTOS/tasks.o
                0x0000000008004840                vTaskSuspendAll
 .text.xTaskResumeAll
                0x000000000800485c      0x138 ThirdParty/FreeRTOS/tasks.o
                0x000000000800485c                xTaskResumeAll
 .text.xTaskGetTickCount
                0x0000000008004994       0x20 ThirdParty/FreeRTOS/tasks.o
                0x0000000008004994                xTaskGetTickCount
 .text.xTaskIncrementTick
                0x00000000080049b4      0x170 ThirdParty/FreeRTOS/tasks.o
                0x00000000080049b4                xTaskIncrementTick
 .text.vTaskSwitchContext
                0x0000000008004b24       0xd4 ThirdParty/FreeRTOS/tasks.o
                0x0000000008004b24                vTaskSwitchContext
 .text.vTaskPlaceOnEventList
                0x0000000008004bf8       0x48 ThirdParty/FreeRTOS/tasks.o
                0x0000000008004bf8                vTaskPlaceOnEventList
 .text.vTaskPlaceOnEventListRestricted
                0x0000000008004c40       0x54 ThirdParty/FreeRTOS/tasks.o
                0x0000000008004c40                vTaskPlaceOnEventListRestricted
 .text.xTaskRemoveFromEventList
                0x0000000008004c94       0xc4 ThirdParty/FreeRTOS/tasks.o
                0x0000000008004c94                xTaskRemoveFromEventList
 .text.vTaskInternalSetTimeOutState
                0x0000000008004d58       0x2c ThirdParty/FreeRTOS/tasks.o
                0x0000000008004d58                vTaskInternalSetTimeOutState
 .text.xTaskCheckForTimeOut
                0x0000000008004d84       0xc8 ThirdParty/FreeRTOS/tasks.o
                0x0000000008004d84                xTaskCheckForTimeOut
 .text.vTaskMissedYield
                0x0000000008004e4c       0x18 ThirdParty/FreeRTOS/tasks.o
                0x0000000008004e4c                vTaskMissedYield
 .text.prvIdleTask
                0x0000000008004e64       0x30 ThirdParty/FreeRTOS/tasks.o
 .text.prvInitialiseTaskLists
                0x0000000008004e94       0x80 ThirdParty/FreeRTOS/tasks.o
 .text.prvCheckTasksWaitingTermination
                0x0000000008004f14       0x58 ThirdParty/FreeRTOS/tasks.o
 .text.prvDeleteTCB
                0x0000000008004f6c       0x20 ThirdParty/FreeRTOS/tasks.o
 .text.prvResetNextTaskUnblockTime
                0x0000000008004f8c       0x38 ThirdParty/FreeRTOS/tasks.o
 .text.xTaskGetSchedulerState
                0x0000000008004fc4       0x3c ThirdParty/FreeRTOS/tasks.o
                0x0000000008004fc4                xTaskGetSchedulerState
 .text.xTaskPriorityDisinherit
                0x0000000008005000       0xf0 ThirdParty/FreeRTOS/tasks.o
                0x0000000008005000                xTaskPriorityDisinherit
 .text.prvAddCurrentTaskToDelayedList
                0x00000000080050f0       0xcc ThirdParty/FreeRTOS/tasks.o
 .text.xTimerCreateTimerTask
                0x00000000080051bc       0x64 ThirdParty/FreeRTOS/timers.o
                0x00000000080051bc                xTimerCreateTimerTask
 .text.xTimerGenericCommand
                0x0000000008005220       0x98 ThirdParty/FreeRTOS/timers.o
                0x0000000008005220                xTimerGenericCommand
 .text.prvProcessExpiredTimer
                0x00000000080052b8       0x98 ThirdParty/FreeRTOS/timers.o
 .text.prvTimerTask
                0x0000000008005350       0x24 ThirdParty/FreeRTOS/timers.o
 .text.prvProcessTimerOrBlockTask
                0x0000000008005374       0x9c ThirdParty/FreeRTOS/timers.o
 .text.prvGetNextExpireTime
                0x0000000008005410       0x48 ThirdParty/FreeRTOS/timers.o
 .text.prvSampleTimeNow
                0x0000000008005458       0x40 ThirdParty/FreeRTOS/timers.o
 .text.prvInsertTimerInActiveList
                0x0000000008005498       0x84 ThirdParty/FreeRTOS/timers.o
 .text.prvProcessReceivedCommands
                0x000000000800551c      0x188 ThirdParty/FreeRTOS/timers.o
 .text.prvSwitchTimerLists
                0x00000000080056a4       0xc8 ThirdParty/FreeRTOS/timers.o
 .text.prvCheckForValidListAndQueue
                0x000000000800576c       0x6c ThirdParty/FreeRTOS/timers.o
 .text.pxPortInitialiseStack
                0x00000000080057d8       0x68 ThirdParty/FreeRTOS/portable/GCC/ARM_CM4F/port.o
                0x00000000080057d8                pxPortInitialiseStack
 .text.prvTaskExitError
                0x0000000008005840       0x54 ThirdParty/FreeRTOS/portable/GCC/ARM_CM4F/port.o
 *fill*         0x0000000008005894        0xc 
 .text.SVC_Handler
                0x00000000080058a0       0x28 ThirdParty/FreeRTOS/portable/GCC/ARM_CM4F/port.o
                0x00000000080058a0                SVC_Handler
 .text.prvPortStartFirstTask
                0x00000000080058c8       0x2c ThirdParty/FreeRTOS/portable/GCC/ARM_CM4F/port.o
 .text.xPortStartScheduler
                0x00000000080058f4      0x13c ThirdParty/FreeRTOS/portable/GCC/ARM_CM4F/port.o
                0x00000000080058f4                xPortStartScheduler
 .text.vPortEnterCritical
                0x0000000008005a30       0x5c ThirdParty/FreeRTOS/portable/GCC/ARM_CM4F/port.o
                0x0000000008005a30                vPortEnterCritical
 .text.vPortExitCritical
                0x0000000008005a8c       0x50 ThirdParty/FreeRTOS/portable/GCC/ARM_CM4F/port.o
                0x0000000008005a8c                vPortExitCritical
 *fill*         0x0000000008005adc        0x4 
 .text.PendSV_Handler
                0x0000000008005ae0       0x68 ThirdParty/FreeRTOS/portable/GCC/ARM_CM4F/port.o
                0x0000000008005ae0                PendSV_Handler
 .text.SysTick_Handler
                0x0000000008005b48       0x40 ThirdParty/FreeRTOS/portable/GCC/ARM_CM4F/port.o
                0x0000000008005b48                SysTick_Handler
 .text.vPortSetupTimerInterrupt
                0x0000000008005b88       0x48 ThirdParty/FreeRTOS/portable/GCC/ARM_CM4F/port.o
                0x0000000008005b88                vPortSetupTimerInterrupt
 .text.vPortEnableVFP
                0x0000000008005bd0       0x18 ThirdParty/FreeRTOS/portable/GCC/ARM_CM4F/port.o
 .text.vPortValidateInterruptPriority
                0x0000000008005be8       0x7c ThirdParty/FreeRTOS/portable/GCC/ARM_CM4F/port.o
                0x0000000008005be8                vPortValidateInterruptPriority
 .text.pvPortMalloc
                0x0000000008005c64       0x98 ThirdParty/FreeRTOS/portable/MemMang/heap_1.o
                0x0000000008005c64                pvPortMalloc
 .text.vPortFree
                0x0000000008005cfc       0x2e ThirdParty/FreeRTOS/portable/MemMang/heap_1.o
                0x0000000008005cfc                vPortFree
 *fill*         0x0000000008005d2a        0x2 
 .text.__errno  0x0000000008005d2c        0xc c:/st/stm32cubeide_1.5.1/stm32cubeide/plugins/com.st.stm32cube.ide.mcu.externaltools.gnu-tools-for-stm32.7-2018-q2-update.win32_1.5.0.202011040924/tools/bin/../lib/gcc/arm-none-eabi/7.3.1/../../../../arm-none-eabi/lib/thumb/v7e-m/fpv4-sp/hard\libc_nano.a(lib_a-errno.o)
                0x0000000008005d2c                __errno
 .text.__libc_init_array
                0x0000000008005d38       0x48 c:/st/stm32cubeide_1.5.1/stm32cubeide/plugins/com.st.stm32cube.ide.mcu.externaltools.gnu-tools-for-stm32.7-2018-q2-update.win32_1.5.0.202011040924/tools/bin/../lib/gcc/arm-none-eabi/7.3.1/../../../../arm-none-eabi/lib/thumb/v7e-m/fpv4-sp/hard\libc_nano.a(lib_a-init.o)
                0x0000000008005d38                __libc_init_array
 .text.memcpy   0x0000000008005d80       0x16 c:/st/stm32cubeide_1.5.1/stm32cubeide/plugins/com.st.stm32cube.ide.mcu.externaltools.gnu-tools-for-stm32.7-2018-q2-update.win32_1.5.0.202011040924/tools/bin/../lib/gcc/arm-none-eabi/7.3.1/../../../../arm-none-eabi/lib/thumb/v7e-m/fpv4-sp/hard\libc_nano.a(lib_a-memcpy-stub.o)
                0x0000000008005d80                memcpy
 .text.memset   0x0000000008005d96       0x10 c:/st/stm32cubeide_1.5.1/stm32cubeide/plugins/com.st.stm32cube.ide.mcu.externaltools.gnu-tools-for-stm32.7-2018-q2-update.win32_1.5.0.202011040924/tools/bin/../lib/gcc/arm-none-eabi/7.3.1/../../../../arm-none-eabi/lib/thumb/v7e-m/fpv4-sp/hard\libc_nano.a(lib_a-memset.o)
                0x0000000008005d96                memset
 *fill*         0x0000000008005da6        0x2 
 .text.snprintf
                0x0000000008005da8       0x68 c:/st/stm32cubeide_1.5.1/stm32cubeide/plugins/com.st.stm32cube.ide.mcu.externaltools.gnu-tools-for-stm32.7-2018-q2-update.win32_1.5.0.202011040924/tools/bin/../lib/gcc/arm-none-eabi/7.3.1/../../../../arm-none-eabi/lib/thumb/v7e-m/fpv4-sp/hard\libc_nano.a(lib_a-snprintf.o)
                0x0000000008005da8                sniprintf
                0x0000000008005da8                snprintf
 .text.__ssputs_r
                0x0000000008005e10       0xb4 c:/st/stm32cubeide_1.5.1/stm32cubeide/plugins/com.st.stm32cube.ide.mcu.externaltools.gnu-tools-for-stm32.7-2018-q2-update.win32_1.5.0.202011040924/tools/bin/../lib/gcc/arm-none-eabi/7.3.1/../../../../arm-none-eabi/lib/thumb/v7e-m/fpv4-sp/hard\libc_nano.a(lib_a-nano-svfprintf.o)
                0x0000000008005e10                __ssputs_r
 .text._svfprintf_r
                0x0000000008005ec4      0x1f0 c:/st/stm32cubeide_1.5.1/stm32cubeide/plugins/com.st.stm32cube.ide.mcu.externaltools.gnu-tools-for-stm32.7-2018-q2-update.win32_1.5.0.202011040924/tools/bin/../lib/gcc/arm-none-eabi/7.3.1/../../../../arm-none-eabi/lib/thumb/v7e-m/fpv4-sp/hard\libc_nano.a(lib_a-nano-svfprintf.o)
                0x0000000008005ec4                _svfiprintf_r
                0x0000000008005ec4                _svfprintf_r
 .text._printf_common
                0x00000000080060b4       0xea c:/st/stm32cubeide_1.5.1/stm32cubeide/plugins/com.st.stm32cube.ide.mcu.externaltools.gnu-tools-for-stm32.7-2018-q2-update.win32_1.5.0.202011040924/tools/bin/../lib/gcc/arm-none-eabi/7.3.1/../../../../arm-none-eabi/lib/thumb/v7e-m/fpv4-sp/hard\libc_nano.a(lib_a-nano-vfprintf_i.o)
                0x00000000080060b4                _printf_common
 *fill*         0x000000000800619e        0x2 
 .text._printf_i
                0x00000000080061a0      0x224 c:/st/stm32cubeide_1.5.1/stm32cubeide/plugins/com.st.stm32cube.ide.mcu.externaltools.gnu-tools-for-stm32.7-2018-q2-update.win32_1.5.0.202011040924/tools/bin/../lib/gcc/arm-none-eabi/7.3.1/../../../../arm-none-eabi/lib/thumb/v7e-m/fpv4-sp/hard\libc_nano.a(lib_a-nano-vfprintf_i.o)
                0x00000000080061a0                _printf_i
 .text.memmove  0x00000000080063c4       0x32 c:/st/stm32cubeide_1.5.1/stm32cubeide/plugins/com.st.stm32cube.ide.mcu.externaltools.gnu-tools-for-stm32.7-2018-q2-update.win32_1.5.0.202011040924/tools/bin/../lib/gcc/arm-none-eabi/7.3.1/../../../../arm-none-eabi/lib/thumb/v7e-m/fpv4-sp/hard\libc_nano.a(lib_a-memmove.o)
                0x00000000080063c4                memmove
 *fill*         0x00000000080063f6        0x2 
 .text._free_r  0x00000000080063f8       0x9c c:/st/stm32cubeide_1.5.1/stm32cubeide/plugins/com.st.stm32cube.ide.mcu.externaltools.gnu-tools-for-stm32.7-2018-q2-update.win32_1.5.0.202011040924/tools/bin/../lib/gcc/arm-none-eabi/7.3.1/../../../../arm-none-eabi/lib/thumb/v7e-m/fpv4-sp/hard\libc_nano.a(lib_a-nano-freer.o)
                0x00000000080063f8                _free_r
 .text._malloc_r
                0x0000000008006494       0xb4 c:/st/stm32cubeide_1.5.1/stm32cubeide/plugins/com.st.stm32cube.ide.mcu.externaltools.gnu-tools-for-stm32.7-2018-q2-update.win32_1.5.0.202011040924/tools/bin/../lib/gcc/arm-none-eabi/7.3.1/../../../../arm-none-eabi/lib/thumb/v7e-m/fpv4-sp/hard\libc_nano.a(lib_a-nano-mallocr.o)
                0x0000000008006494                _malloc_r
 .text._realloc_r
                0x0000000008006548       0x4c c:/st/stm32cubeide_1.5.1/stm32cubeide/plugins/com.st.stm32cube.ide.mcu.externaltools.gnu-tools-for-stm32.7-2018-q2-update.win32_1.5.0.202011040924/tools/bin/../lib/gcc/arm-none-eabi/7.3.1/../../../../arm-none-eabi/lib/thumb/v7e-m/fpv4-sp/hard\libc_nano.a(lib_a-nano-reallocr.o)
                0x0000000008006548                _realloc_r
 .text._sbrk_r  0x0000000008006594       0x20 c:/st/stm32cubeide_1.5.1/stm32cubeide/plugins/com.st.stm32cube.ide.mcu.externaltools.gnu-tools-for-stm32.7-2018-q2-update.win32_1.5.0.202011040924/tools/bin/../lib/gcc/arm-none-eabi/7.3.1/../../../../arm-none-eabi/lib/thumb/v7e-m/fpv4-sp/hard\libc_nano.a(lib_a-sbrkr.o)
                0x0000000008006594                _sbrk_r
 .text.__malloc_lock
                0x00000000080065b4        0x2 c:/st/stm32cubeide_1.5.1/stm32cubeide/plugins/com.st.stm32cube.ide.mcu.externaltools.gnu-tools-for-stm32.7-2018-q2-update.win32_1.5.0.202011040924/tools/bin/../lib/gcc/arm-none-eabi/7.3.1/../../../../arm-none-eabi/lib/thumb/v7e-m/fpv4-sp/hard\libc_nano.a(lib_a-mlock.o)
                0x00000000080065b4                __malloc_lock
 .text.__malloc_unlock
                0x00000000080065b6        0x2 c:/st/stm32cubeide_1.5.1/stm32cubeide/plugins/com.st.stm32cube.ide.mcu.externaltools.gnu-tools-for-stm32.7-2018-q2-update.win32_1.5.0.202011040924/tools/bin/../lib/gcc/arm-none-eabi/7.3.1/../../../../arm-none-eabi/lib/thumb/v7e-m/fpv4-sp/hard\libc_nano.a(lib_a-mlock.o)
                0x00000000080065b6                __malloc_unlock
 .text._malloc_usable_size_r
                0x00000000080065b8       0x10 c:/st/stm32cubeide_1.5.1/stm32cubeide/plugins/com.st.stm32cube.ide.mcu.externaltools.gnu-tools-for-stm32.7-2018-q2-update.win32_1.5.0.202011040924/tools/bin/../lib/gcc/arm-none-eabi/7.3.1/../../../../arm-none-eabi/lib/thumb/v7e-m/fpv4-sp/hard\libc_nano.a(lib_a-nano-msizer.o)
                0x00000000080065b8                _malloc_usable_size_r
 *(.glue_7)
 .glue_7        0x00000000080065c8        0x0 linker stubs
 *(.glue_7t)
 .glue_7t       0x00000000080065c8        0x0 linker stubs
 *(.eh_frame)
 .eh_frame      0x00000000080065c8        0x0 c:/st/stm32cubeide_1.5.1/stm32cubeide/plugins/com.st.stm32cube.ide.mcu.externaltools.gnu-tools-for-stm32.7-2018-q2-update.win32_1.5.0.202011040924/tools/bin/../lib/gcc/arm-none-eabi/7.3.1/thumb/v7e-m/fpv4-sp/hard/crtbegin.o
 *(.init)
 .init          0x00000000080065c8        0x4 c:/st/stm32cubeide_1.5.1/stm32cubeide/plugins/com.st.stm32cube.ide.mcu.externaltools.gnu-tools-for-stm32.7-2018-q2-update.win32_1.5.0.202011040924/tools/bin/../lib/gcc/arm-none-eabi/7.3.1/thumb/v7e-m/fpv4-sp/hard/crti.o
                0x00000000080065c8                _init
 .init          0x00000000080065cc        0x8 c:/st/stm32cubeide_1.5.1/stm32cubeide/plugins/com.st.stm32cube.ide.mcu.externaltools.gnu-tools-for-stm32.7-2018-q2-update.win32_1.5.0.202011040924/tools/bin/../lib/gcc/arm-none-eabi/7.3.1/thumb/v7e-m/fpv4-sp/hard/crtn.o
 *(.fini)
 .fini          0x00000000080065d4        0x4 c:/st/stm32cubeide_1.5.1/stm32cubeide/plugins/com.st.stm32cube.ide.mcu.externaltools.gnu-tools-for-stm32.7-2018-q2-update.win32_1.5.0.202011040924/tools/bin/../lib/gcc/arm-none-eabi/7.3.1/thumb/v7e-m/fpv4-sp/hard/crti.o
                0x00000000080065d4                _fini
 .fini          0x00000000080065d8        0x8 c:/st/stm32cubeide_1.5.1/stm32cubeide/plugins/com.st.stm32cube.ide.mcu.externaltools.gnu-tools-for-stm32.7-2018-q2-update.win32_1.5.0.202011040924/tools/bin/../lib/gcc/arm-none-eabi/7.3.1/thumb/v7e-m/fpv4-sp/hard/crtn.o
                0x00000000080065e0                . = ALIGN (0x4)
                0x00000000080065e0                _etext = .

.vfp11_veneer   0x00000000080065e0        0x0
 .vfp11_veneer  0x00000000080065e0        0x0 linker stubs

.v4_bx          0x00000000080065e0        0x0
 .v4_bx         0x00000000080065e0        0x0 linker stubs

.iplt           0x00000000080065e0        0x0
 .iplt          0x00000000080065e0        0x0 c:/st/stm32cubeide_1.5.1/stm32cubeide/plugins/com.st.stm32cube.ide.mcu.externaltools.gnu-tools-for-stm32.7-2018-q2-update.win32_1.5.0.202011040924/tools/bin/../lib/gcc/arm-none-eabi/7.3.1/thumb/v7e-m/fpv4-sp/hard/crtbegin.o

.rodata         0x00000000080065e0       0x9c
                0x00000000080065e0                . = ALIGN (0x4)
 *(.rodata)
 .rodata        0x00000000080065e0       0x37 Core/HCSR04/hcsr04.o
 *fill*         0x0000000008006617        0x1 
 .rodata        0x0000000008006618        0x5 ThirdParty/FreeRTOS/tasks.o
 *fill*         0x000000000800661d        0x3 
 .rodata        0x0000000008006620        0xd ThirdParty/FreeRTOS/timers.o
 *(.rodata*)
 *fill*         0x000000000800662d        0x3 
 .rodata.AHBPrescTable
                0x0000000008006630       0x10 Core/Src/system_stm32f4xx.o
                0x0000000008006630                AHBPrescTable
 .rodata.APBPrescTable
                0x0000000008006640        0x8 Core/Src/system_stm32f4xx.o
                0x0000000008006640                APBPrescTable
 .rodata._svfprintf_r.str1.1
                0x0000000008006648       0x11 c:/st/stm32cubeide_1.5.1/stm32cubeide/plugins/com.st.stm32cube.ide.mcu.externaltools.gnu-tools-for-stm32.7-2018-q2-update.win32_1.5.0.202011040924/tools/bin/../lib/gcc/arm-none-eabi/7.3.1/../../../../arm-none-eabi/lib/thumb/v7e-m/fpv4-sp/hard\libc_nano.a(lib_a-nano-svfprintf.o)
 .rodata._printf_i.str1.1
                0x0000000008006659       0x22 c:/st/stm32cubeide_1.5.1/stm32cubeide/plugins/com.st.stm32cube.ide.mcu.externaltools.gnu-tools-for-stm32.7-2018-q2-update.win32_1.5.0.202011040924/tools/bin/../lib/gcc/arm-none-eabi/7.3.1/../../../../arm-none-eabi/lib/thumb/v7e-m/fpv4-sp/hard\libc_nano.a(lib_a-nano-vfprintf_i.o)
                0x000000000800667c                . = ALIGN (0x4)
 *fill*         0x000000000800667b        0x1 

.ARM.extab      0x000000000800667c        0x0
                0x000000000800667c                . = ALIGN (0x4)
 *(.ARM.extab* .gnu.linkonce.armextab.*)
                0x000000000800667c                . = ALIGN (0x4)

.ARM            0x000000000800667c        0x8
                0x000000000800667c                . = ALIGN (0x4)
                0x000000000800667c                __exidx_start = .
 *(.ARM.exidx*)
 .ARM.exidx     0x000000000800667c        0x8 c:/st/stm32cubeide_1.5.1/stm32cubeide/plugins/com.st.stm32cube.ide.mcu.externaltools.gnu-tools-for-stm32.7-2018-q2-update.win32_1.5.0.202011040924/tools/bin/../lib/gcc/arm-none-eabi/7.3.1/thumb/v7e-m/fpv4-sp/hard\libgcc.a(_udivmoddi4.o)
                0x0000000008006684                __exidx_end = .
                0x0000000008006684                . = ALIGN (0x4)

.rel.dyn        0x0000000008006684        0x0
 .rel.iplt      0x0000000008006684        0x0 c:/st/stm32cubeide_1.5.1/stm32cubeide/plugins/com.st.stm32cube.ide.mcu.externaltools.gnu-tools-for-stm32.7-2018-q2-update.win32_1.5.0.202011040924/tools/bin/../lib/gcc/arm-none-eabi/7.3.1/thumb/v7e-m/fpv4-sp/hard/crtbegin.o

.preinit_array  0x0000000008006684        0x0
                0x0000000008006684                . = ALIGN (0x4)
                0x0000000008006684                PROVIDE (__preinit_array_start = .)
 *(.preinit_array*)
                0x0000000008006684                PROVIDE (__preinit_array_end = .)
                0x0000000008006684                . = ALIGN (0x4)

.init_array     0x0000000008006684        0x4
                0x0000000008006684                . = ALIGN (0x4)
                0x0000000008006684                PROVIDE (__init_array_start = .)
 *(SORT_BY_NAME(.init_array.*))
 *(.init_array*)
 .init_array    0x0000000008006684        0x4 c:/st/stm32cubeide_1.5.1/stm32cubeide/plugins/com.st.stm32cube.ide.mcu.externaltools.gnu-tools-for-stm32.7-2018-q2-update.win32_1.5.0.202011040924/tools/bin/../lib/gcc/arm-none-eabi/7.3.1/thumb/v7e-m/fpv4-sp/hard/crtbegin.o
                0x0000000008006688                PROVIDE (__init_array_end = .)
                0x0000000008006688                . = ALIGN (0x4)

.fini_array     0x0000000008006688        0x4
                0x0000000008006688                . = ALIGN (0x4)
                [!provide]                        PROVIDE (__fini_array_start = .)
 *(SORT_BY_NAME(.fini_array.*))
 *(.fini_array*)
 .fini_array    0x0000000008006688        0x4 c:/st/stm32cubeide_1.5.1/stm32cubeide/plugins/com.st.stm32cube.ide.mcu.externaltools.gnu-tools-for-stm32.7-2018-q2-update.win32_1.5.0.202011040924/tools/bin/../lib/gcc/arm-none-eabi/7.3.1/thumb/v7e-m/fpv4-sp/hard/crtbegin.o
                [!provide]                        PROVIDE (__fini_array_end = .)
                0x000000000800668c                . = ALIGN (0x4)
                0x000000000800668c                _sidata = LOADADDR (.data)

.data           0x0000000020000000       0x74 load address 0x000000000800668c
                0x0000000020000000                . = ALIGN (0x4)
                0x0000000020000000                _sdata = .
 *(.data)
 *(.data*)
 .data.SystemCoreClock
                0x0000000020000000        0x4 Core/Src/system_stm32f4xx.o
                0x0000000020000000                SystemCoreClock
 .data.uwTickPrio
                0x0000000020000004        0x4 Drivers/STM32F4xx_HAL_Driver/Src/stm32f4xx_hal.o
                0x0000000020000004                uwTickPrio
 .data.uwTickFreq
                0x0000000020000008        0x1 Drivers/STM32F4xx_HAL_Driver/Src/stm32f4xx_hal.o
                0x0000000020000008                uwTickFreq
 *fill*         0x0000000020000009        0x3 
 .data.uxCriticalNesting
                0x000000002000000c        0x4 ThirdParty/FreeRTOS/portable/GCC/ARM_CM4F/port.o
 .data._impure_ptr
                0x0000000020000010        0x4 c:/st/stm32cubeide_1.5.1/stm32cubeide/plugins/com.st.stm32cube.ide.mcu.externaltools.gnu-tools-for-stm32.7-2018-q2-update.win32_1.5.0.202011040924/tools/bin/../lib/gcc/arm-none-eabi/7.3.1/../../../../arm-none-eabi/lib/thumb/v7e-m/fpv4-sp/hard\libc_nano.a(lib_a-impure.o)
                0x0000000020000010                _impure_ptr
 .data.impure_data
                0x0000000020000014       0x60 c:/st/stm32cubeide_1.5.1/stm32cubeide/plugins/com.st.stm32cube.ide.mcu.externaltools.gnu-tools-for-stm32.7-2018-q2-update.win32_1.5.0.202011040924/tools/bin/../lib/gcc/arm-none-eabi/7.3.1/../../../../arm-none-eabi/lib/thumb/v7e-m/fpv4-sp/hard\libc_nano.a(lib_a-impure.o)
 *(.RamFunc)
 *(.RamFunc*)
                0x0000000020000074                . = ALIGN (0x4)
                0x0000000020000074                _edata = .

.igot.plt       0x0000000020000074        0x0 load address 0x0000000008006700
 .igot.plt      0x0000000020000074        0x0 c:/st/stm32cubeide_1.5.1/stm32cubeide/plugins/com.st.stm32cube.ide.mcu.externaltools.gnu-tools-for-stm32.7-2018-q2-update.win32_1.5.0.202011040924/tools/bin/../lib/gcc/arm-none-eabi/7.3.1/thumb/v7e-m/fpv4-sp/hard/crtbegin.o
                0x0000000020000074                . = ALIGN (0x4)

.bss            0x0000000020000074    0x12f28 load address 0x0000000008006700
                0x0000000020000074                _sbss = .
                0x0000000020000074                __bss_start__ = _sbss
 *(.bss)
 .bss           0x0000000020000074       0x1c c:/st/stm32cubeide_1.5.1/stm32cubeide/plugins/com.st.stm32cube.ide.mcu.externaltools.gnu-tools-for-stm32.7-2018-q2-update.win32_1.5.0.202011040924/tools/bin/../lib/gcc/arm-none-eabi/7.3.1/thumb/v7e-m/fpv4-sp/hard/crtbegin.o
 *(.bss*)
 .bss.hscr04_handles
                0x0000000020000090        0x8 Core/HCSR04/hcsr04.o
 .bss.hcsr04_states
                0x0000000020000098        0x2 Core/HCSR04/hcsr04.o
 *fill*         0x000000002000009a        0x2 
 .bss.callback_counter_0
                0x000000002000009c        0x4 Core/HCSR04/hcsr04.o
 .bss.trigger_sent_0
                0x00000000200000a0        0x4 Core/HCSR04/hcsr04.o
 .bss.fall_edge_time_0
                0x00000000200000a4        0x4 Core/HCSR04/hcsr04.o
                0x00000000200000a4                fall_edge_time_0
 .bss.distance_0
                0x00000000200000a8        0x4 Core/HCSR04/hcsr04.o
                0x00000000200000a8                distance_0
 .bss.callback_counter_1
                0x00000000200000ac        0x4 Core/HCSR04/hcsr04.o
 .bss.trigger_sent_1
                0x00000000200000b0        0x4 Core/HCSR04/hcsr04.o
 .bss.fall_edge_time_1
                0x00000000200000b4        0x4 Core/HCSR04/hcsr04.o
                0x00000000200000b4                fall_edge_time_1
 .bss.distance_1
                0x00000000200000b8        0x4 Core/HCSR04/hcsr04.o
                0x00000000200000b8                distance_1
 .bss.hcsr_num.8512
                0x00000000200000bc        0x1 Core/HCSR04/hcsr04.o
 *fill*         0x00000000200000bd        0x3 
 .bss.HCSR04_handle_0
                0x00000000200000c0       0x18 Core/Src/main.o
 .bss.HCSR04_handle_1
                0x00000000200000d8       0x18 Core/Src/main.o
 .bss.interrupt_counter
                0x00000000200000f0        0x4 Core/Src/main.o
 .bss.stack_overflow
                0x00000000200000f4        0x1 Core/Src/stm32f4xx_it.o
 .bss.malloc_failed
                0x00000000200000f5        0x1 Core/Src/stm32f4xx_it.o
 *fill*         0x00000000200000f6        0x2 
 .bss.__sbrk_heap_end
                0x00000000200000f8        0x4 Core/Src/sysmem.o
 .bss.pxCurrentTCB
                0x00000000200000fc        0x4 ThirdParty/FreeRTOS/tasks.o
                0x00000000200000fc                pxCurrentTCB
 .bss.pxReadyTasksLists
                0x0000000020000100       0x64 ThirdParty/FreeRTOS/tasks.o
 .bss.xDelayedTaskList1
                0x0000000020000164       0x14 ThirdParty/FreeRTOS/tasks.o
 .bss.xDelayedTaskList2
                0x0000000020000178       0x14 ThirdParty/FreeRTOS/tasks.o
 .bss.pxDelayedTaskList
                0x000000002000018c        0x4 ThirdParty/FreeRTOS/tasks.o
 .bss.pxOverflowDelayedTaskList
                0x0000000020000190        0x4 ThirdParty/FreeRTOS/tasks.o
 .bss.xPendingReadyList
                0x0000000020000194       0x14 ThirdParty/FreeRTOS/tasks.o
 .bss.xTasksWaitingTermination
                0x00000000200001a8       0x14 ThirdParty/FreeRTOS/tasks.o
 .bss.uxDeletedTasksWaitingCleanUp
                0x00000000200001bc        0x4 ThirdParty/FreeRTOS/tasks.o
 .bss.xSuspendedTaskList
                0x00000000200001c0       0x14 ThirdParty/FreeRTOS/tasks.o
 .bss.uxCurrentNumberOfTasks
                0x00000000200001d4        0x4 ThirdParty/FreeRTOS/tasks.o
 .bss.xTickCount
                0x00000000200001d8        0x4 ThirdParty/FreeRTOS/tasks.o
 .bss.uxTopReadyPriority
                0x00000000200001dc        0x4 ThirdParty/FreeRTOS/tasks.o
 .bss.xSchedulerRunning
                0x00000000200001e0        0x4 ThirdParty/FreeRTOS/tasks.o
 .bss.xPendedTicks
                0x00000000200001e4        0x4 ThirdParty/FreeRTOS/tasks.o
 .bss.xYieldPending
                0x00000000200001e8        0x4 ThirdParty/FreeRTOS/tasks.o
 .bss.xNumOfOverflows
                0x00000000200001ec        0x4 ThirdParty/FreeRTOS/tasks.o
 .bss.uxTaskNumber
                0x00000000200001f0        0x4 ThirdParty/FreeRTOS/tasks.o
 .bss.xNextTaskUnblockTime
                0x00000000200001f4        0x4 ThirdParty/FreeRTOS/tasks.o
 .bss.xIdleTaskHandle
                0x00000000200001f8        0x4 ThirdParty/FreeRTOS/tasks.o
 .bss.uxSchedulerSuspended
                0x00000000200001fc        0x4 ThirdParty/FreeRTOS/tasks.o
 .bss.xActiveTimerList1
                0x0000000020000200       0x14 ThirdParty/FreeRTOS/timers.o
 .bss.xActiveTimerList2
                0x0000000020000214       0x14 ThirdParty/FreeRTOS/timers.o
 .bss.pxCurrentTimerList
                0x0000000020000228        0x4 ThirdParty/FreeRTOS/timers.o
 .bss.pxOverflowTimerList
                0x000000002000022c        0x4 ThirdParty/FreeRTOS/timers.o
 .bss.xTimerQueue
                0x0000000020000230        0x4 ThirdParty/FreeRTOS/timers.o
 .bss.xTimerTaskHandle
                0x0000000020000234        0x4 ThirdParty/FreeRTOS/timers.o
 .bss.xLastTime.6735
                0x0000000020000238        0x4 ThirdParty/FreeRTOS/timers.o
 .bss.ucMaxSysCallPriority
                0x000000002000023c        0x1 ThirdParty/FreeRTOS/portable/GCC/ARM_CM4F/port.o
 *fill*         0x000000002000023d        0x3 
 .bss.ulMaxPRIGROUPValue
                0x0000000020000240        0x4 ThirdParty/FreeRTOS/portable/GCC/ARM_CM4F/port.o
 .bss.ucHeap    0x0000000020000244    0x12c00 ThirdParty/FreeRTOS/portable/MemMang/heap_1.o
 .bss.xNextFreeByte
                0x0000000020012e44        0x4 ThirdParty/FreeRTOS/portable/MemMang/heap_1.o
 .bss.pucAlignedHeap.6412
                0x0000000020012e48        0x4 ThirdParty/FreeRTOS/portable/MemMang/heap_1.o
 .bss.__malloc_free_list
                0x0000000020012e4c        0x4 c:/st/stm32cubeide_1.5.1/stm32cubeide/plugins/com.st.stm32cube.ide.mcu.externaltools.gnu-tools-for-stm32.7-2018-q2-update.win32_1.5.0.202011040924/tools/bin/../lib/gcc/arm-none-eabi/7.3.1/../../../../arm-none-eabi/lib/thumb/v7e-m/fpv4-sp/hard\libc_nano.a(lib_a-nano-mallocr.o)
                0x0000000020012e4c                __malloc_free_list
 .bss.__malloc_sbrk_start
                0x0000000020012e50        0x4 c:/st/stm32cubeide_1.5.1/stm32cubeide/plugins/com.st.stm32cube.ide.mcu.externaltools.gnu-tools-for-stm32.7-2018-q2-update.win32_1.5.0.202011040924/tools/bin/../lib/gcc/arm-none-eabi/7.3.1/../../../../arm-none-eabi/lib/thumb/v7e-m/fpv4-sp/hard\libc_nano.a(lib_a-nano-mallocr.o)
                0x0000000020012e50                __malloc_sbrk_start
 *(COMMON)
 COMMON         0x0000000020012e54       0xc0 Core/Src/main.o
                0x0000000020012e54                htim13
                0x0000000020012e94                huart2
                0x0000000020012ed4                htim14
 COMMON         0x0000000020012f14       0x40 Core/Src/stm32f4xx_hal_timebase_tim.o
                0x0000000020012f14                htim6
 COMMON         0x0000000020012f54        0x4 Drivers/STM32F4xx_HAL_Driver/Src/stm32f4xx_hal.o
                0x0000000020012f54                uwTick
 COMMON         0x0000000020012f58       0x40 ThirdParty/FreeRTOS/queue.o
                0x0000000020012f58                xQueueRegistry
 COMMON         0x0000000020012f98        0x4 c:/st/stm32cubeide_1.5.1/stm32cubeide/plugins/com.st.stm32cube.ide.mcu.externaltools.gnu-tools-for-stm32.7-2018-q2-update.win32_1.5.0.202011040924/tools/bin/../lib/gcc/arm-none-eabi/7.3.1/../../../../arm-none-eabi/lib/thumb/v7e-m/fpv4-sp/hard\libc_nano.a(lib_a-reent.o)
                0x0000000020012f98                errno
                0x0000000020012f9c                . = ALIGN (0x4)
                0x0000000020012f9c                _ebss = .
                0x0000000020012f9c                __bss_end__ = _ebss

._user_heap_stack
                0x0000000020012f9c      0x604 load address 0x0000000008006700
                0x0000000020012fa0                . = ALIGN (0x8)
 *fill*         0x0000000020012f9c        0x4 
                [!provide]                        PROVIDE (end = .)
                0x0000000020012fa0                PROVIDE (_end = .)
                0x00000000200131a0                . = (. + _Min_Heap_Size)
 *fill*         0x0000000020012fa0      0x200 
                0x00000000200135a0                . = (. + _Min_Stack_Size)
 *fill*         0x00000000200131a0      0x400 
                0x00000000200135a0                . = ALIGN (0x8)

/DISCARD/
 libc.a(*)
 libm.a(*)
 libgcc.a(*)

.ARM.attributes
                0x0000000000000000       0x30
 *(.ARM.attributes)
 .ARM.attributes
                0x0000000000000000       0x22 c:/st/stm32cubeide_1.5.1/stm32cubeide/plugins/com.st.stm32cube.ide.mcu.externaltools.gnu-tools-for-stm32.7-2018-q2-update.win32_1.5.0.202011040924/tools/bin/../lib/gcc/arm-none-eabi/7.3.1/thumb/v7e-m/fpv4-sp/hard/crti.o
 .ARM.attributes
                0x0000000000000022       0x34 c:/st/stm32cubeide_1.5.1/stm32cubeide/plugins/com.st.stm32cube.ide.mcu.externaltools.gnu-tools-for-stm32.7-2018-q2-update.win32_1.5.0.202011040924/tools/bin/../lib/gcc/arm-none-eabi/7.3.1/thumb/v7e-m/fpv4-sp/hard/crtbegin.o
 .ARM.attributes
                0x0000000000000056       0x39 Core/HCSR04/hcsr04.o
 .ARM.attributes
                0x000000000000008f       0x39 Core/Src/main.o
 .ARM.attributes
                0x00000000000000c8       0x39 Core/Src/stm32f4xx_hal_msp.o
 .ARM.attributes
                0x0000000000000101       0x39 Core/Src/stm32f4xx_hal_timebase_tim.o
 .ARM.attributes
                0x000000000000013a       0x39 Core/Src/stm32f4xx_it.o
 .ARM.attributes
                0x0000000000000173       0x39 Core/Src/sysmem.o
 .ARM.attributes
                0x00000000000001ac       0x39 Core/Src/system_stm32f4xx.o
 .ARM.attributes
                0x00000000000001e5       0x21 Core/Startup/startup_stm32f446retx.o
 .ARM.attributes
                0x0000000000000206       0x39 Drivers/STM32F4xx_HAL_Driver/Src/stm32f4xx_hal.o
 .ARM.attributes
                0x000000000000023f       0x39 Drivers/STM32F4xx_HAL_Driver/Src/stm32f4xx_hal_cortex.o
 .ARM.attributes
                0x0000000000000278       0x39 Drivers/STM32F4xx_HAL_Driver/Src/stm32f4xx_hal_gpio.o
 .ARM.attributes
                0x00000000000002b1       0x39 Drivers/STM32F4xx_HAL_Driver/Src/stm32f4xx_hal_rcc.o
 .ARM.attributes
                0x00000000000002ea       0x39 Drivers/STM32F4xx_HAL_Driver/Src/stm32f4xx_hal_rcc_ex.o
 .ARM.attributes
                0x0000000000000323       0x39 Drivers/STM32F4xx_HAL_Driver/Src/stm32f4xx_hal_tim.o
 .ARM.attributes
                0x000000000000035c       0x39 Drivers/STM32F4xx_HAL_Driver/Src/stm32f4xx_hal_tim_ex.o
 .ARM.attributes
                0x0000000000000395       0x39 Drivers/STM32F4xx_HAL_Driver/Src/stm32f4xx_hal_uart.o
 .ARM.attributes
                0x00000000000003ce       0x39 ThirdParty/FreeRTOS/list.o
 .ARM.attributes
                0x0000000000000407       0x39 ThirdParty/FreeRTOS/queue.o
 .ARM.attributes
                0x0000000000000440       0x39 ThirdParty/FreeRTOS/tasks.o
 .ARM.attributes
                0x0000000000000479       0x39 ThirdParty/FreeRTOS/timers.o
 .ARM.attributes
                0x00000000000004b2       0x39 ThirdParty/FreeRTOS/portable/GCC/ARM_CM4F/port.o
 .ARM.attributes
                0x00000000000004eb       0x39 ThirdParty/FreeRTOS/portable/MemMang/heap_1.o
 .ARM.attributes
                0x0000000000000524       0x34 c:/st/stm32cubeide_1.5.1/stm32cubeide/plugins/com.st.stm32cube.ide.mcu.externaltools.gnu-tools-for-stm32.7-2018-q2-update.win32_1.5.0.202011040924/tools/bin/../lib/gcc/arm-none-eabi/7.3.1/../../../../arm-none-eabi/lib/thumb/v7e-m/fpv4-sp/hard\libc_nano.a(lib_a-errno.o)
 .ARM.attributes
                0x0000000000000558       0x34 c:/st/stm32cubeide_1.5.1/stm32cubeide/plugins/com.st.stm32cube.ide.mcu.externaltools.gnu-tools-for-stm32.7-2018-q2-update.win32_1.5.0.202011040924/tools/bin/../lib/gcc/arm-none-eabi/7.3.1/../../../../arm-none-eabi/lib/thumb/v7e-m/fpv4-sp/hard\libc_nano.a(lib_a-impure.o)
 .ARM.attributes
                0x000000000000058c       0x34 c:/st/stm32cubeide_1.5.1/stm32cubeide/plugins/com.st.stm32cube.ide.mcu.externaltools.gnu-tools-for-stm32.7-2018-q2-update.win32_1.5.0.202011040924/tools/bin/../lib/gcc/arm-none-eabi/7.3.1/../../../../arm-none-eabi/lib/thumb/v7e-m/fpv4-sp/hard\libc_nano.a(lib_a-init.o)
 .ARM.attributes
                0x00000000000005c0       0x34 c:/st/stm32cubeide_1.5.1/stm32cubeide/plugins/com.st.stm32cube.ide.mcu.externaltools.gnu-tools-for-stm32.7-2018-q2-update.win32_1.5.0.202011040924/tools/bin/../lib/gcc/arm-none-eabi/7.3.1/../../../../arm-none-eabi/lib/thumb/v7e-m/fpv4-sp/hard\libc_nano.a(lib_a-memcpy-stub.o)
 .ARM.attributes
                0x00000000000005f4       0x34 c:/st/stm32cubeide_1.5.1/stm32cubeide/plugins/com.st.stm32cube.ide.mcu.externaltools.gnu-tools-for-stm32.7-2018-q2-update.win32_1.5.0.202011040924/tools/bin/../lib/gcc/arm-none-eabi/7.3.1/../../../../arm-none-eabi/lib/thumb/v7e-m/fpv4-sp/hard\libc_nano.a(lib_a-memset.o)
 .ARM.attributes
                0x0000000000000628       0x34 c:/st/stm32cubeide_1.5.1/stm32cubeide/plugins/com.st.stm32cube.ide.mcu.externaltools.gnu-tools-for-stm32.7-2018-q2-update.win32_1.5.0.202011040924/tools/bin/../lib/gcc/arm-none-eabi/7.3.1/../../../../arm-none-eabi/lib/thumb/v7e-m/fpv4-sp/hard\libc_nano.a(lib_a-snprintf.o)
 .ARM.attributes
                0x000000000000065c       0x34 c:/st/stm32cubeide_1.5.1/stm32cubeide/plugins/com.st.stm32cube.ide.mcu.externaltools.gnu-tools-for-stm32.7-2018-q2-update.win32_1.5.0.202011040924/tools/bin/../lib/gcc/arm-none-eabi/7.3.1/../../../../arm-none-eabi/lib/thumb/v7e-m/fpv4-sp/hard\libc_nano.a(lib_a-nano-svfprintf.o)
 .ARM.attributes
                0x0000000000000690       0x34 c:/st/stm32cubeide_1.5.1/stm32cubeide/plugins/com.st.stm32cube.ide.mcu.externaltools.gnu-tools-for-stm32.7-2018-q2-update.win32_1.5.0.202011040924/tools/bin/../lib/gcc/arm-none-eabi/7.3.1/../../../../arm-none-eabi/lib/thumb/v7e-m/fpv4-sp/hard\libc_nano.a(lib_a-nano-vfprintf_i.o)
 .ARM.attributes
                0x00000000000006c4       0x20 c:/st/stm32cubeide_1.5.1/stm32cubeide/plugins/com.st.stm32cube.ide.mcu.externaltools.gnu-tools-for-stm32.7-2018-q2-update.win32_1.5.0.202011040924/tools/bin/../lib/gcc/arm-none-eabi/7.3.1/../../../../arm-none-eabi/lib/thumb/v7e-m/fpv4-sp/hard\libc_nano.a(lib_a-memchr.o)
 .ARM.attributes
                0x00000000000006e4       0x34 c:/st/stm32cubeide_1.5.1/stm32cubeide/plugins/com.st.stm32cube.ide.mcu.externaltools.gnu-tools-for-stm32.7-2018-q2-update.win32_1.5.0.202011040924/tools/bin/../lib/gcc/arm-none-eabi/7.3.1/../../../../arm-none-eabi/lib/thumb/v7e-m/fpv4-sp/hard\libc_nano.a(lib_a-memmove.o)
 .ARM.attributes
                0x0000000000000718       0x34 c:/st/stm32cubeide_1.5.1/stm32cubeide/plugins/com.st.stm32cube.ide.mcu.externaltools.gnu-tools-for-stm32.7-2018-q2-update.win32_1.5.0.202011040924/tools/bin/../lib/gcc/arm-none-eabi/7.3.1/../../../../arm-none-eabi/lib/thumb/v7e-m/fpv4-sp/hard\libc_nano.a(lib_a-nano-freer.o)
 .ARM.attributes
                0x000000000000074c       0x34 c:/st/stm32cubeide_1.5.1/stm32cubeide/plugins/com.st.stm32cube.ide.mcu.externaltools.gnu-tools-for-stm32.7-2018-q2-update.win32_1.5.0.202011040924/tools/bin/../lib/gcc/arm-none-eabi/7.3.1/../../../../arm-none-eabi/lib/thumb/v7e-m/fpv4-sp/hard\libc_nano.a(lib_a-nano-mallocr.o)
 .ARM.attributes
                0x0000000000000780       0x34 c:/st/stm32cubeide_1.5.1/stm32cubeide/plugins/com.st.stm32cube.ide.mcu.externaltools.gnu-tools-for-stm32.7-2018-q2-update.win32_1.5.0.202011040924/tools/bin/../lib/gcc/arm-none-eabi/7.3.1/../../../../arm-none-eabi/lib/thumb/v7e-m/fpv4-sp/hard\libc_nano.a(lib_a-nano-reallocr.o)
 .ARM.attributes
                0x00000000000007b4       0x34 c:/st/stm32cubeide_1.5.1/stm32cubeide/plugins/com.st.stm32cube.ide.mcu.externaltools.gnu-tools-for-stm32.7-2018-q2-update.win32_1.5.0.202011040924/tools/bin/../lib/gcc/arm-none-eabi/7.3.1/../../../../arm-none-eabi/lib/thumb/v7e-m/fpv4-sp/hard\libc_nano.a(lib_a-sbrkr.o)
 .ARM.attributes
                0x00000000000007e8       0x34 c:/st/stm32cubeide_1.5.1/stm32cubeide/plugins/com.st.stm32cube.ide.mcu.externaltools.gnu-tools-for-stm32.7-2018-q2-update.win32_1.5.0.202011040924/tools/bin/../lib/gcc/arm-none-eabi/7.3.1/../../../../arm-none-eabi/lib/thumb/v7e-m/fpv4-sp/hard\libc_nano.a(lib_a-mlock.o)
 .ARM.attributes
                0x000000000000081c       0x34 c:/st/stm32cubeide_1.5.1/stm32cubeide/plugins/com.st.stm32cube.ide.mcu.externaltools.gnu-tools-for-stm32.7-2018-q2-update.win32_1.5.0.202011040924/tools/bin/../lib/gcc/arm-none-eabi/7.3.1/../../../../arm-none-eabi/lib/thumb/v7e-m/fpv4-sp/hard\libc_nano.a(lib_a-nano-msizer.o)
 .ARM.attributes
                0x0000000000000850       0x34 c:/st/stm32cubeide_1.5.1/stm32cubeide/plugins/com.st.stm32cube.ide.mcu.externaltools.gnu-tools-for-stm32.7-2018-q2-update.win32_1.5.0.202011040924/tools/bin/../lib/gcc/arm-none-eabi/7.3.1/../../../../arm-none-eabi/lib/thumb/v7e-m/fpv4-sp/hard\libc_nano.a(lib_a-reent.o)
 .ARM.attributes
                0x0000000000000884       0x22 c:/st/stm32cubeide_1.5.1/stm32cubeide/plugins/com.st.stm32cube.ide.mcu.externaltools.gnu-tools-for-stm32.7-2018-q2-update.win32_1.5.0.202011040924/tools/bin/../lib/gcc/arm-none-eabi/7.3.1/thumb/v7e-m/fpv4-sp/hard\libgcc.a(_arm_addsubdf3.o)
 .ARM.attributes
                0x00000000000008a6       0x22 c:/st/stm32cubeide_1.5.1/stm32cubeide/plugins/com.st.stm32cube.ide.mcu.externaltools.gnu-tools-for-stm32.7-2018-q2-update.win32_1.5.0.202011040924/tools/bin/../lib/gcc/arm-none-eabi/7.3.1/thumb/v7e-m/fpv4-sp/hard\libgcc.a(_arm_muldivdf3.o)
 .ARM.attributes
                0x00000000000008c8       0x22 c:/st/stm32cubeide_1.5.1/stm32cubeide/plugins/com.st.stm32cube.ide.mcu.externaltools.gnu-tools-for-stm32.7-2018-q2-update.win32_1.5.0.202011040924/tools/bin/../lib/gcc/arm-none-eabi/7.3.1/thumb/v7e-m/fpv4-sp/hard\libgcc.a(_arm_fixunsdfsi.o)
 .ARM.attributes
                0x00000000000008ea       0x22 c:/st/stm32cubeide_1.5.1/stm32cubeide/plugins/com.st.stm32cube.ide.mcu.externaltools.gnu-tools-for-stm32.7-2018-q2-update.win32_1.5.0.202011040924/tools/bin/../lib/gcc/arm-none-eabi/7.3.1/thumb/v7e-m/fpv4-sp/hard\libgcc.a(_aeabi_uldivmod.o)
 .ARM.attributes
                0x000000000000090c       0x34 c:/st/stm32cubeide_1.5.1/stm32cubeide/plugins/com.st.stm32cube.ide.mcu.externaltools.gnu-tools-for-stm32.7-2018-q2-update.win32_1.5.0.202011040924/tools/bin/../lib/gcc/arm-none-eabi/7.3.1/thumb/v7e-m/fpv4-sp/hard\libgcc.a(_udivmoddi4.o)
 .ARM.attributes
                0x0000000000000940       0x22 c:/st/stm32cubeide_1.5.1/stm32cubeide/plugins/com.st.stm32cube.ide.mcu.externaltools.gnu-tools-for-stm32.7-2018-q2-update.win32_1.5.0.202011040924/tools/bin/../lib/gcc/arm-none-eabi/7.3.1/thumb/v7e-m/fpv4-sp/hard\libgcc.a(_dvmd_tls.o)
 .ARM.attributes
                0x0000000000000962       0x22 c:/st/stm32cubeide_1.5.1/stm32cubeide/plugins/com.st.stm32cube.ide.mcu.externaltools.gnu-tools-for-stm32.7-2018-q2-update.win32_1.5.0.202011040924/tools/bin/../lib/gcc/arm-none-eabi/7.3.1/thumb/v7e-m/fpv4-sp/hard/crtn.o
OUTPUT(NavBot.elf elf32-littlearm)

.debug_info     0x0000000000000000    0x1411b
 .debug_info    0x0000000000000000      0xf15 Core/HCSR04/hcsr04.o
 .debug_info    0x0000000000000f15     0x104b Core/Src/main.o
 .debug_info    0x0000000000001f60      0xc69 Core/Src/stm32f4xx_hal_msp.o
 .debug_info    0x0000000000002bc9      0xb7f Core/Src/stm32f4xx_hal_timebase_tim.o
 .debug_info    0x0000000000003748      0x79b Core/Src/stm32f4xx_it.o
 .debug_info    0x0000000000003ee3      0x985 Core/Src/sysmem.o
 .debug_info    0x0000000000004868      0x588 Core/Src/system_stm32f4xx.o
 .debug_info    0x0000000000004df0       0x22 Core/Startup/startup_stm32f446retx.o
 .debug_info    0x0000000000004e12      0x997 Drivers/STM32F4xx_HAL_Driver/Src/stm32f4xx_hal.o
 .debug_info    0x00000000000057a9      0xe46 Drivers/STM32F4xx_HAL_Driver/Src/stm32f4xx_hal_cortex.o
 .debug_info    0x00000000000065ef      0x803 Drivers/STM32F4xx_HAL_Driver/Src/stm32f4xx_hal_gpio.o
 .debug_info    0x0000000000006df2      0x944 Drivers/STM32F4xx_HAL_Driver/Src/stm32f4xx_hal_rcc.o
 .debug_info    0x0000000000007736      0x9d5 Drivers/STM32F4xx_HAL_Driver/Src/stm32f4xx_hal_rcc_ex.o
 .debug_info    0x000000000000810b     0x24a9 Drivers/STM32F4xx_HAL_Driver/Src/stm32f4xx_hal_tim.o
 .debug_info    0x000000000000a5b4     0x1157 Drivers/STM32F4xx_HAL_Driver/Src/stm32f4xx_hal_tim_ex.o
 .debug_info    0x000000000000b70b     0x124c Drivers/STM32F4xx_HAL_Driver/Src/stm32f4xx_hal_uart.o
 .debug_info    0x000000000000c957      0xacb ThirdParty/FreeRTOS/list.o
 .debug_info    0x000000000000d422     0x1fcb ThirdParty/FreeRTOS/queue.o
 .debug_info    0x000000000000f3ed     0x294a ThirdParty/FreeRTOS/tasks.o
 .debug_info    0x0000000000011d37     0x14c9 ThirdParty/FreeRTOS/timers.o
 .debug_info    0x0000000000013200      0x533 ThirdParty/FreeRTOS/portable/GCC/ARM_CM4F/port.o
 .debug_info    0x0000000000013733      0x9e8 ThirdParty/FreeRTOS/portable/MemMang/heap_1.o

.debug_abbrev   0x0000000000000000     0x2d7d
 .debug_abbrev  0x0000000000000000      0x2b0 Core/HCSR04/hcsr04.o
 .debug_abbrev  0x00000000000002b0      0x2ae Core/Src/main.o
 .debug_abbrev  0x000000000000055e      0x1b7 Core/Src/stm32f4xx_hal_msp.o
 .debug_abbrev  0x0000000000000715      0x19d Core/Src/stm32f4xx_hal_timebase_tim.o
 .debug_abbrev  0x00000000000008b2      0x1a8 Core/Src/stm32f4xx_it.o
 .debug_abbrev  0x0000000000000a5a      0x19b Core/Src/sysmem.o
 .debug_abbrev  0x0000000000000bf5      0x12b Core/Src/system_stm32f4xx.o
 .debug_abbrev  0x0000000000000d20       0x12 Core/Startup/startup_stm32f446retx.o
 .debug_abbrev  0x0000000000000d32      0x1c7 Drivers/STM32F4xx_HAL_Driver/Src/stm32f4xx_hal.o
 .debug_abbrev  0x0000000000000ef9      0x2fa Drivers/STM32F4xx_HAL_Driver/Src/stm32f4xx_hal_cortex.o
 .debug_abbrev  0x00000000000011f3      0x1c9 Drivers/STM32F4xx_HAL_Driver/Src/stm32f4xx_hal_gpio.o
 .debug_abbrev  0x00000000000013bc      0x245 Drivers/STM32F4xx_HAL_Driver/Src/stm32f4xx_hal_rcc.o
 .debug_abbrev  0x0000000000001601      0x1bc Drivers/STM32F4xx_HAL_Driver/Src/stm32f4xx_hal_rcc_ex.o
 .debug_abbrev  0x00000000000017bd      0x230 Drivers/STM32F4xx_HAL_Driver/Src/stm32f4xx_hal_tim.o
 .debug_abbrev  0x00000000000019ed      0x21e Drivers/STM32F4xx_HAL_Driver/Src/stm32f4xx_hal_tim_ex.o
 .debug_abbrev  0x0000000000001c0b      0x242 Drivers/STM32F4xx_HAL_Driver/Src/stm32f4xx_hal_uart.o
 .debug_abbrev  0x0000000000001e4d      0x1cf ThirdParty/FreeRTOS/list.o
 .debug_abbrev  0x000000000000201c      0x2f1 ThirdParty/FreeRTOS/queue.o
 .debug_abbrev  0x000000000000230d      0x350 ThirdParty/FreeRTOS/tasks.o
 .debug_abbrev  0x000000000000265d      0x2c8 ThirdParty/FreeRTOS/timers.o
 .debug_abbrev  0x0000000000002925      0x210 ThirdParty/FreeRTOS/portable/GCC/ARM_CM4F/port.o
 .debug_abbrev  0x0000000000002b35      0x248 ThirdParty/FreeRTOS/portable/MemMang/heap_1.o

.debug_aranges  0x0000000000000000     0x1140
 .debug_aranges
                0x0000000000000000       0x60 Core/HCSR04/hcsr04.o
 .debug_aranges
                0x0000000000000060       0x78 Core/Src/main.o
 .debug_aranges
                0x00000000000000d8       0x40 Core/Src/stm32f4xx_hal_msp.o
 .debug_aranges
                0x0000000000000118       0x30 Core/Src/stm32f4xx_hal_timebase_tim.o
 .debug_aranges
                0x0000000000000148       0x68 Core/Src/stm32f4xx_it.o
 .debug_aranges
                0x00000000000001b0       0x20 Core/Src/sysmem.o
 .debug_aranges
                0x00000000000001d0       0x28 Core/Src/system_stm32f4xx.o
 .debug_aranges
                0x00000000000001f8       0x28 Core/Startup/startup_stm32f446retx.o
 .debug_aranges
                0x0000000000000220       0xf0 Drivers/STM32F4xx_HAL_Driver/Src/stm32f4xx_hal.o
 .debug_aranges
                0x0000000000000310      0x118 Drivers/STM32F4xx_HAL_Driver/Src/stm32f4xx_hal_cortex.o
 .debug_aranges
                0x0000000000000428       0x58 Drivers/STM32F4xx_HAL_Driver/Src/stm32f4xx_hal_gpio.o
 .debug_aranges
                0x0000000000000480       0x88 Drivers/STM32F4xx_HAL_Driver/Src/stm32f4xx_hal_rcc.o
 .debug_aranges
                0x0000000000000508       0x78 Drivers/STM32F4xx_HAL_Driver/Src/stm32f4xx_hal_rcc_ex.o
 .debug_aranges
                0x0000000000000580      0x3a8 Drivers/STM32F4xx_HAL_Driver/Src/stm32f4xx_hal_tim.o
 .debug_aranges
                0x0000000000000928      0x150 Drivers/STM32F4xx_HAL_Driver/Src/stm32f4xx_hal_tim_ex.o
 .debug_aranges
                0x0000000000000a78      0x1d0 Drivers/STM32F4xx_HAL_Driver/Src/stm32f4xx_hal_uart.o
 .debug_aranges
                0x0000000000000c48       0x40 ThirdParty/FreeRTOS/list.o
 .debug_aranges
                0x0000000000000c88      0x130 ThirdParty/FreeRTOS/queue.o
 .debug_aranges
                0x0000000000000db8      0x1f8 ThirdParty/FreeRTOS/tasks.o
 .debug_aranges
                0x0000000000000fb0       0xd8 ThirdParty/FreeRTOS/timers.o
 .debug_aranges
                0x0000000000001088       0x80 ThirdParty/FreeRTOS/portable/GCC/ARM_CM4F/port.o
 .debug_aranges
                0x0000000000001108       0x38 ThirdParty/FreeRTOS/portable/MemMang/heap_1.o

.debug_ranges   0x0000000000000000      0xfe8
 .debug_ranges  0x0000000000000000       0x50 Core/HCSR04/hcsr04.o
 .debug_ranges  0x0000000000000050       0x68 Core/Src/main.o
 .debug_ranges  0x00000000000000b8       0x30 Core/Src/stm32f4xx_hal_msp.o
 .debug_ranges  0x00000000000000e8       0x20 Core/Src/stm32f4xx_hal_timebase_tim.o
 .debug_ranges  0x0000000000000108       0x58 Core/Src/stm32f4xx_it.o
 .debug_ranges  0x0000000000000160       0x10 Core/Src/sysmem.o
 .debug_ranges  0x0000000000000170       0x18 Core/Src/system_stm32f4xx.o
 .debug_ranges  0x0000000000000188       0x20 Core/Startup/startup_stm32f446retx.o
 .debug_ranges  0x00000000000001a8       0xe0 Drivers/STM32F4xx_HAL_Driver/Src/stm32f4xx_hal.o
 .debug_ranges  0x0000000000000288      0x108 Drivers/STM32F4xx_HAL_Driver/Src/stm32f4xx_hal_cortex.o
 .debug_ranges  0x0000000000000390       0x48 Drivers/STM32F4xx_HAL_Driver/Src/stm32f4xx_hal_gpio.o
 .debug_ranges  0x00000000000003d8       0x78 Drivers/STM32F4xx_HAL_Driver/Src/stm32f4xx_hal_rcc.o
 .debug_ranges  0x0000000000000450       0x68 Drivers/STM32F4xx_HAL_Driver/Src/stm32f4xx_hal_rcc_ex.o
 .debug_ranges  0x00000000000004b8      0x398 Drivers/STM32F4xx_HAL_Driver/Src/stm32f4xx_hal_tim.o
 .debug_ranges  0x0000000000000850      0x140 Drivers/STM32F4xx_HAL_Driver/Src/stm32f4xx_hal_tim_ex.o
 .debug_ranges  0x0000000000000990      0x1c0 Drivers/STM32F4xx_HAL_Driver/Src/stm32f4xx_hal_uart.o
 .debug_ranges  0x0000000000000b50       0x30 ThirdParty/FreeRTOS/list.o
 .debug_ranges  0x0000000000000b80      0x120 ThirdParty/FreeRTOS/queue.o
 .debug_ranges  0x0000000000000ca0      0x1e8 ThirdParty/FreeRTOS/tasks.o
 .debug_ranges  0x0000000000000e88       0xc8 ThirdParty/FreeRTOS/timers.o
 .debug_ranges  0x0000000000000f50       0x70 ThirdParty/FreeRTOS/portable/GCC/ARM_CM4F/port.o
 .debug_ranges  0x0000000000000fc0       0x28 ThirdParty/FreeRTOS/portable/MemMang/heap_1.o

.debug_macro    0x0000000000000000    0x22bf7
 .debug_macro   0x0000000000000000      0x24a Core/HCSR04/hcsr04.o
 .debug_macro   0x000000000000024a      0xa5a Core/HCSR04/hcsr04.o
 .debug_macro   0x0000000000000ca4       0x28 Core/HCSR04/hcsr04.o
 .debug_macro   0x0000000000000ccc       0x22 Core/HCSR04/hcsr04.o
 .debug_macro   0x0000000000000cee       0x8e Core/HCSR04/hcsr04.o
 .debug_macro   0x0000000000000d7c       0x51 Core/HCSR04/hcsr04.o
 .debug_macro   0x0000000000000dcd       0xef Core/HCSR04/hcsr04.o
 .debug_macro   0x0000000000000ebc       0x6a Core/HCSR04/hcsr04.o
 .debug_macro   0x0000000000000f26      0x1df Core/HCSR04/hcsr04.o
 .debug_macro   0x0000000000001105       0x1c Core/HCSR04/hcsr04.o
 .debug_macro   0x0000000000001121       0x22 Core/HCSR04/hcsr04.o
 .debug_macro   0x0000000000001143       0xdf Core/HCSR04/hcsr04.o
 .debug_macro   0x0000000000001222     0x102d Core/HCSR04/hcsr04.o
 .debug_macro   0x000000000000224f      0x11f Core/HCSR04/hcsr04.o
 .debug_macro   0x000000000000236e    0x1672d Core/HCSR04/hcsr04.o
 .debug_macro   0x0000000000018a9b      0x294 Core/HCSR04/hcsr04.o
 .debug_macro   0x0000000000018d2f       0x2e Core/HCSR04/hcsr04.o
 .debug_macro   0x0000000000018d5d       0x43 Core/HCSR04/hcsr04.o
 .debug_macro   0x0000000000018da0     0x3659 Core/HCSR04/hcsr04.o
 .debug_macro   0x000000000001c3f9      0x174 Core/HCSR04/hcsr04.o
 .debug_macro   0x000000000001c56d       0x5a Core/HCSR04/hcsr04.o
 .debug_macro   0x000000000001c5c7      0xc90 Core/HCSR04/hcsr04.o
 .debug_macro   0x000000000001d257      0x9fe Core/HCSR04/hcsr04.o
 .debug_macro   0x000000000001dc55      0x117 Core/HCSR04/hcsr04.o
 .debug_macro   0x000000000001dd6c      0x1a0 Core/HCSR04/hcsr04.o
 .debug_macro   0x000000000001df0c       0x27 Core/HCSR04/hcsr04.o
 .debug_macro   0x000000000001df33      0x16d Core/HCSR04/hcsr04.o
 .debug_macro   0x000000000001e0a0      0x287 Core/HCSR04/hcsr04.o
 .debug_macro   0x000000000001e327       0x5f Core/HCSR04/hcsr04.o
 .debug_macro   0x000000000001e386      0x236 Core/HCSR04/hcsr04.o
 .debug_macro   0x000000000001e5bc      0x132 Core/HCSR04/hcsr04.o
 .debug_macro   0x000000000001e6ee      0x29c Core/HCSR04/hcsr04.o
 .debug_macro   0x000000000001e98a       0x2e Core/HCSR04/hcsr04.o
 .debug_macro   0x000000000001e9b8      0x11a Core/HCSR04/hcsr04.o
 .debug_macro   0x000000000001ead2       0xe8 Core/HCSR04/hcsr04.o
 .debug_macro   0x000000000001ebba       0x89 Core/HCSR04/hcsr04.o
 .debug_macro   0x000000000001ec43      0x8a0 Core/HCSR04/hcsr04.o
 .debug_macro   0x000000000001f4e3       0x4d Core/HCSR04/hcsr04.o
 .debug_macro   0x000000000001f530      0x287 Core/HCSR04/hcsr04.o
 .debug_macro   0x000000000001f7b7      0x126 Core/HCSR04/hcsr04.o
 .debug_macro   0x000000000001f8dd      0x106 Core/HCSR04/hcsr04.o
 .debug_macro   0x000000000001f9e3      0x15a Core/HCSR04/hcsr04.o
 .debug_macro   0x000000000001fb3d       0xea Core/HCSR04/hcsr04.o
 .debug_macro   0x000000000001fc27       0x1c Core/HCSR04/hcsr04.o
 .debug_macro   0x000000000001fc43       0x26 Core/HCSR04/hcsr04.o
 .debug_macro   0x000000000001fc69      0x4f6 Core/HCSR04/hcsr04.o
 .debug_macro   0x000000000002015f       0xb5 Core/HCSR04/hcsr04.o
 .debug_macro   0x0000000000020214      0x119 Core/HCSR04/hcsr04.o
 .debug_macro   0x000000000002032d      0x259 Core/Src/main.o
 .debug_macro   0x0000000000020586       0x58 Core/Src/main.o
 .debug_macro   0x00000000000205de      0x1dd Core/Src/stm32f4xx_hal_msp.o
 .debug_macro   0x00000000000207bb      0x1ce Core/Src/stm32f4xx_hal_timebase_tim.o
 .debug_macro   0x0000000000020989      0x1e7 Core/Src/stm32f4xx_it.o
 .debug_macro   0x0000000000020b70       0xee Core/Src/sysmem.o
 .debug_macro   0x0000000000020c5e      0x23b Core/Src/sysmem.o
 .debug_macro   0x0000000000020e99      0x1d4 Core/Src/system_stm32f4xx.o
 .debug_macro   0x000000000002106d      0x22e Drivers/STM32F4xx_HAL_Driver/Src/stm32f4xx_hal.o
 .debug_macro   0x000000000002129b      0x1ce Drivers/STM32F4xx_HAL_Driver/Src/stm32f4xx_hal_cortex.o
 .debug_macro   0x0000000000021469      0x204 Drivers/STM32F4xx_HAL_Driver/Src/stm32f4xx_hal_gpio.o
 .debug_macro   0x000000000002166d      0x1f2 Drivers/STM32F4xx_HAL_Driver/Src/stm32f4xx_hal_rcc.o
 .debug_macro   0x000000000002185f      0x1ce Drivers/STM32F4xx_HAL_Driver/Src/stm32f4xx_hal_rcc_ex.o
 .debug_macro   0x0000000000021a2d      0x1cf Drivers/STM32F4xx_HAL_Driver/Src/stm32f4xx_hal_tim.o
 .debug_macro   0x0000000000021bfc      0x1ce Drivers/STM32F4xx_HAL_Driver/Src/stm32f4xx_hal_tim_ex.o
 .debug_macro   0x0000000000021dca      0x1cf Drivers/STM32F4xx_HAL_Driver/Src/stm32f4xx_hal_uart.o
 .debug_macro   0x0000000000021f99      0x186 ThirdParty/FreeRTOS/list.o
 .debug_macro   0x000000000002211f      0x20f ThirdParty/FreeRTOS/queue.o
 .debug_macro   0x000000000002232e       0x16 ThirdParty/FreeRTOS/queue.o
 .debug_macro   0x0000000000022344       0x20 ThirdParty/FreeRTOS/queue.o
 .debug_macro   0x0000000000022364       0x80 ThirdParty/FreeRTOS/queue.o
 .debug_macro   0x00000000000223e4      0x26c ThirdParty/FreeRTOS/tasks.o
 .debug_macro   0x0000000000022650       0x10 ThirdParty/FreeRTOS/tasks.o
 .debug_macro   0x0000000000022660      0x1cf ThirdParty/FreeRTOS/timers.o
 .debug_macro   0x000000000002282f       0x97 ThirdParty/FreeRTOS/timers.o
 .debug_macro   0x00000000000228c6      0x196 ThirdParty/FreeRTOS/portable/GCC/ARM_CM4F/port.o
 .debug_macro   0x0000000000022a5c      0x19b ThirdParty/FreeRTOS/portable/MemMang/heap_1.o

.debug_line     0x0000000000000000     0xdd21
 .debug_line    0x0000000000000000      0x987 Core/HCSR04/hcsr04.o
 .debug_line    0x0000000000000987      0x98e Core/Src/main.o
 .debug_line    0x0000000000001315      0x724 Core/Src/stm32f4xx_hal_msp.o
 .debug_line    0x0000000000001a39      0x6f5 Core/Src/stm32f4xx_hal_timebase_tim.o
 .debug_line    0x000000000000212e      0x789 Core/Src/stm32f4xx_it.o
 .debug_line    0x00000000000028b7      0x4c7 Core/Src/sysmem.o
 .debug_line    0x0000000000002d7e      0x6dc Core/Src/system_stm32f4xx.o
 .debug_line    0x000000000000345a       0x85 Core/Startup/startup_stm32f446retx.o
 .debug_line    0x00000000000034df      0x8c6 Drivers/STM32F4xx_HAL_Driver/Src/stm32f4xx_hal.o
 .debug_line    0x0000000000003da5      0x9ea Drivers/STM32F4xx_HAL_Driver/Src/stm32f4xx_hal_cortex.o
 .debug_line    0x000000000000478f      0x891 Drivers/STM32F4xx_HAL_Driver/Src/stm32f4xx_hal_gpio.o
 .debug_line    0x0000000000005020      0x91e Drivers/STM32F4xx_HAL_Driver/Src/stm32f4xx_hal_rcc.o
 .debug_line    0x000000000000593e      0xaaf Drivers/STM32F4xx_HAL_Driver/Src/stm32f4xx_hal_rcc_ex.o
 .debug_line    0x00000000000063ed     0x193f Drivers/STM32F4xx_HAL_Driver/Src/stm32f4xx_hal_tim.o
 .debug_line    0x0000000000007d2c      0xcdc Drivers/STM32F4xx_HAL_Driver/Src/stm32f4xx_hal_tim_ex.o
 .debug_line    0x0000000000008a08      0xfd4 Drivers/STM32F4xx_HAL_Driver/Src/stm32f4xx_hal_uart.o
 .debug_line    0x00000000000099dc      0x6c1 ThirdParty/FreeRTOS/list.o
 .debug_line    0x000000000000a09d     0x1078 ThirdParty/FreeRTOS/queue.o
 .debug_line    0x000000000000b115     0x1408 ThirdParty/FreeRTOS/tasks.o
 .debug_line    0x000000000000c51d      0xa5e ThirdParty/FreeRTOS/timers.o
 .debug_line    0x000000000000cf7b      0x6db ThirdParty/FreeRTOS/portable/GCC/ARM_CM4F/port.o
 .debug_line    0x000000000000d656      0x6cb ThirdParty/FreeRTOS/portable/MemMang/heap_1.o

.debug_str      0x0000000000000000    0xd71e4
 .debug_str     0x0000000000000000    0xcd06f Core/HCSR04/hcsr04.o
                                      0xcd405 (size before relaxing)
 .debug_str     0x00000000000cd06f      0x649 Core/Src/main.o
                                      0xcd2ab (size before relaxing)
 .debug_str     0x00000000000cd6b8       0x8c Core/Src/stm32f4xx_hal_msp.o
                                      0xc8548 (size before relaxing)
 .debug_str     0x00000000000cd744       0xaa Core/Src/stm32f4xx_hal_timebase_tim.o
                                      0xc87b5 (size before relaxing)
 .debug_str     0x00000000000cd7ee      0x186 Core/Src/stm32f4xx_it.o
                                      0xc82f4 (size before relaxing)
 .debug_str     0x00000000000cd974     0x1e48 Core/Src/sysmem.o
                                       0x5f64 (size before relaxing)
 .debug_str     0x00000000000cf7bc       0xc4 Core/Src/system_stm32f4xx.o
                                      0xc7dfe (size before relaxing)
 .debug_str     0x00000000000cf880       0x36 Core/Startup/startup_stm32f446retx.o
                                         0x71 (size before relaxing)
 .debug_str     0x00000000000cf8b6      0x542 Drivers/STM32F4xx_HAL_Driver/Src/stm32f4xx_hal.o
                                      0xc890c (size before relaxing)
 .debug_str     0x00000000000cfdf8      0x357 Drivers/STM32F4xx_HAL_Driver/Src/stm32f4xx_hal_cortex.o
                                      0xc86d6 (size before relaxing)
 .debug_str     0x00000000000d014f      0x1ef Drivers/STM32F4xx_HAL_Driver/Src/stm32f4xx_hal_gpio.o
                                      0xc803d (size before relaxing)
 .debug_str     0x00000000000d033e      0x24f Drivers/STM32F4xx_HAL_Driver/Src/stm32f4xx_hal_rcc.o
                                      0xc81f0 (size before relaxing)
 .debug_str     0x00000000000d058d      0x324 Drivers/STM32F4xx_HAL_Driver/Src/stm32f4xx_hal_rcc_ex.o
                                      0xc8242 (size before relaxing)
 .debug_str     0x00000000000d08b1      0xd43 Drivers/STM32F4xx_HAL_Driver/Src/stm32f4xx_hal_tim.o
                                      0xc8ee5 (size before relaxing)
 .debug_str     0x00000000000d15f4      0x4ec Drivers/STM32F4xx_HAL_Driver/Src/stm32f4xx_hal_tim_ex.o
                                      0xc86e5 (size before relaxing)
 .debug_str     0x00000000000d1ae0      0x516 Drivers/STM32F4xx_HAL_Driver/Src/stm32f4xx_hal_uart.o
                                      0xc8625 (size before relaxing)
 .debug_str     0x00000000000d1ff6     0x1673 ThirdParty/FreeRTOS/list.o
                                       0xa9d5 (size before relaxing)
 .debug_str     0x00000000000d3669     0x1074 ThirdParty/FreeRTOS/queue.o
                                       0xcc22 (size before relaxing)
 .debug_str     0x00000000000d46dd     0x1c88 ThirdParty/FreeRTOS/tasks.o
                                       0xd9c2 (size before relaxing)
 .debug_str     0x00000000000d6365      0x54d ThirdParty/FreeRTOS/timers.o
                                       0xd006 (size before relaxing)
 .debug_str     0x00000000000d68b2      0x817 ThirdParty/FreeRTOS/portable/GCC/ARM_CM4F/port.o
                                       0x92a6 (size before relaxing)
 .debug_str     0x00000000000d70c9      0x11b ThirdParty/FreeRTOS/portable/MemMang/heap_1.o
                                       0xbb98 (size before relaxing)

.comment        0x0000000000000000       0x7b
 .comment       0x0000000000000000       0x7b Core/HCSR04/hcsr04.o
                                         0x7c (size before relaxing)
 .comment       0x000000000000007b       0x7c Core/Src/main.o
 .comment       0x000000000000007b       0x7c Core/Src/stm32f4xx_hal_msp.o
 .comment       0x000000000000007b       0x7c Core/Src/stm32f4xx_hal_timebase_tim.o
 .comment       0x000000000000007b       0x7c Core/Src/stm32f4xx_it.o
 .comment       0x000000000000007b       0x7c Core/Src/sysmem.o
 .comment       0x000000000000007b       0x7c Core/Src/system_stm32f4xx.o
 .comment       0x000000000000007b       0x7c Drivers/STM32F4xx_HAL_Driver/Src/stm32f4xx_hal.o
 .comment       0x000000000000007b       0x7c Drivers/STM32F4xx_HAL_Driver/Src/stm32f4xx_hal_cortex.o
 .comment       0x000000000000007b       0x7c Drivers/STM32F4xx_HAL_Driver/Src/stm32f4xx_hal_gpio.o
 .comment       0x000000000000007b       0x7c Drivers/STM32F4xx_HAL_Driver/Src/stm32f4xx_hal_rcc.o
 .comment       0x000000000000007b       0x7c Drivers/STM32F4xx_HAL_Driver/Src/stm32f4xx_hal_rcc_ex.o
 .comment       0x000000000000007b       0x7c Drivers/STM32F4xx_HAL_Driver/Src/stm32f4xx_hal_tim.o
 .comment       0x000000000000007b       0x7c Drivers/STM32F4xx_HAL_Driver/Src/stm32f4xx_hal_tim_ex.o
 .comment       0x000000000000007b       0x7c Drivers/STM32F4xx_HAL_Driver/Src/stm32f4xx_hal_uart.o
 .comment       0x000000000000007b       0x7c ThirdParty/FreeRTOS/list.o
 .comment       0x000000000000007b       0x7c ThirdParty/FreeRTOS/queue.o
 .comment       0x000000000000007b       0x7c ThirdParty/FreeRTOS/tasks.o
 .comment       0x000000000000007b       0x7c ThirdParty/FreeRTOS/timers.o
 .comment       0x000000000000007b       0x7c ThirdParty/FreeRTOS/portable/GCC/ARM_CM4F/port.o
 .comment       0x000000000000007b       0x7c ThirdParty/FreeRTOS/portable/MemMang/heap_1.o

.debug_frame    0x0000000000000000     0x4b7c
 .debug_frame   0x0000000000000000      0x160 Core/HCSR04/hcsr04.o
 .debug_frame   0x0000000000000160      0x17c Core/Src/main.o
 .debug_frame   0x00000000000002dc       0xd0 Core/Src/stm32f4xx_hal_msp.o