stm32f4xx_it.c:73:6:NMI_Handler	4	static
stm32f4xx_it.c:88:6:HardFault_Handler	4	static,ignoring_inline_asm
stm32f4xx_it.c:114:6:MemManage_Handler	4	static
stm32f4xx_it.c:129:6:BusFault_Handler	4	static
stm32f4xx_it.c:144:6:UsageFault_Handler	4	static
stm32f4xx_it.c:159:6:DebugMon_Handler	4	static
stm32f4xx_it.c:179:6:TIM6_DAC_IRQHandler	8	static
stm32f4xx_it.c:193:6:vApplicationStackOverflowHook	4	static
stm32f4xx_it.c:197:6:vApplicationMallocFailedHook	4	static
stm32f4xx_it.c:202:6:pop_registers_from_fault_stack	48	static
